Component: ARM Compiler 5.06 update 7 (build 960) Tool: armlink [4d3601]

==============================================================================

Section Cross References

    startup_stm32f103xb.o(STACK) refers (Special) to heapauxi.o(.text) for __use_two_region_memory
    startup_stm32f103xb.o(HEAP) refers (Special) to heapauxi.o(.text) for __use_two_region_memory
    startup_stm32f103xb.o(RESET) refers (Special) to heapauxi.o(.text) for __use_two_region_memory
    startup_stm32f103xb.o(RESET) refers to startup_stm32f103xb.o(STACK) for __initial_sp
    startup_stm32f103xb.o(RESET) refers to startup_stm32f103xb.o(.text) for Reset_Handler
    startup_stm32f103xb.o(RESET) refers to stm32f1xx_it.o(i.NMI_Handler) for NMI_Handler
    startup_stm32f103xb.o(RESET) refers to stm32f1xx_it.o(i.HardFault_Handler) for HardFault_Handler
    startup_stm32f103xb.o(RESET) refers to stm32f1xx_it.o(i.MemManage_Handler) for MemManage_Handler
    startup_stm32f103xb.o(RESET) refers to stm32f1xx_it.o(i.BusFault_Handler) for BusFault_Handler
    startup_stm32f103xb.o(RESET) refers to stm32f1xx_it.o(i.UsageFault_Handler) for UsageFault_Handler
    startup_stm32f103xb.o(RESET) refers to stm32f1xx_it.o(i.SVC_Handler) for SVC_Handler
    startup_stm32f103xb.o(RESET) refers to stm32f1xx_it.o(i.DebugMon_Handler) for DebugMon_Handler
    startup_stm32f103xb.o(RESET) refers to os_cpu_a.o(CODE) for OS_CPU_PendSVHandler
    startup_stm32f103xb.o(RESET) refers to os_cpu_c.o(i.OS_CPU_SysTickHandler) for OS_CPU_SysTickHandler
    startup_stm32f103xb.o(.text) refers (Special) to heapauxi.o(.text) for __use_two_region_memory
    startup_stm32f103xb.o(.text) refers to system_stm32f1xx.o(i.SystemInit) for SystemInit
    startup_stm32f103xb.o(.text) refers to __main.o(!!!main) for __main
    startup_stm32f103xb.o(.text) refers to startup_stm32f103xb.o(HEAP) for Heap_Mem
    startup_stm32f103xb.o(.text) refers to startup_stm32f103xb.o(STACK) for Stack_Mem
    main.o(i.AppTaskCreate) refers to os_task.o(i.OSTaskCreate) for OSTaskCreate
    main.o(i.AppTaskCreate) refers to main.o(.bss) for .bss
    main.o(i.AppTaskCreate) refers to main.o(i.Led1Task) for Led1Task
    main.o(i.AppTaskCreate) refers to main.o(i.Led2Task) for Led2Task
    main.o(i.AppTaskCreate) refers to main.o(i.UartTask) for UartTask
    main.o(i.AppTaskStart) refers to main.o(i.AppTaskCreate) for AppTaskCreate
    main.o(i.AppTaskStart) refers to os_time.o(i.OSTimeDly) for OSTimeDly
    main.o(i.Led1Task) refers to stm32f1xx_hal_gpio.o(i.HAL_GPIO_WritePin) for HAL_GPIO_WritePin
    main.o(i.Led1Task) refers to os_time.o(i.OSTimeDly) for OSTimeDly
    main.o(i.Led2Task) refers to stm32f1xx_hal_gpio.o(i.HAL_GPIO_WritePin) for HAL_GPIO_WritePin
    main.o(i.Led2Task) refers to os_time.o(i.OSTimeDly) for OSTimeDly
    main.o(i.SystemClock_Config) refers to rt_memclr_w.o(.text) for __aeabi_memclr4
    main.o(i.SystemClock_Config) refers to stm32f1xx_hal_rcc.o(i.HAL_RCC_OscConfig) for HAL_RCC_OscConfig
    main.o(i.SystemClock_Config) refers to stm32f1xx_hal_rcc.o(i.HAL_RCC_ClockConfig) for HAL_RCC_ClockConfig
    main.o(i.UartTask) refers to rt_memcpy_w.o(.text) for __aeabi_memcpy4
    main.o(i.UartTask) refers to stm32f1xx_hal_uart.o(i.HAL_UART_Transmit) for HAL_UART_Transmit
    main.o(i.UartTask) refers to os_time.o(i.OSTimeDly) for OSTimeDly
    main.o(i.UartTask) refers to usart.o(.bss) for huart1
    main.o(i.main) refers to stm32f1xx_hal.o(i.HAL_Init) for HAL_Init
    main.o(i.main) refers to main.o(i.SystemClock_Config) for SystemClock_Config
    main.o(i.main) refers to gpio.o(i.MX_GPIO_Init) for MX_GPIO_Init
    main.o(i.main) refers to usart.o(i.MX_USART1_UART_Init) for MX_USART1_UART_Init
    main.o(i.main) refers to os_core.o(i.OSInit) for OSInit
    main.o(i.main) refers to os_task.o(i.OSTaskCreate) for OSTaskCreate
    main.o(i.main) refers to os_core.o(i.OSStart) for OSStart
    main.o(i.main) refers to main.o(.bss) for .bss
    main.o(i.main) refers to main.o(i.AppTaskStart) for AppTaskStart
    gpio.o(i.MX_GPIO_Init) refers to stm32f1xx_hal_gpio.o(i.HAL_GPIO_WritePin) for HAL_GPIO_WritePin
    gpio.o(i.MX_GPIO_Init) refers to stm32f1xx_hal_gpio.o(i.HAL_GPIO_Init) for HAL_GPIO_Init
    usart.o(i.HAL_UART_MspDeInit) refers to stm32f1xx_hal_gpio.o(i.HAL_GPIO_DeInit) for HAL_GPIO_DeInit
    usart.o(i.HAL_UART_MspInit) refers to stm32f1xx_hal_gpio.o(i.HAL_GPIO_Init) for HAL_GPIO_Init
    usart.o(i.MX_USART1_UART_Init) refers to stm32f1xx_hal_uart.o(i.HAL_UART_Init) for HAL_UART_Init
    usart.o(i.MX_USART1_UART_Init) refers to main.o(i.Error_Handler) for Error_Handler
    usart.o(i.MX_USART1_UART_Init) refers to usart.o(.bss) for .bss
    stm32f1xx_it.o(i.SysTick_Handler) refers to stm32f1xx_hal.o(i.HAL_IncTick) for HAL_IncTick
    stm32f1xx_hal_uart.o(i.HAL_HalfDuplex_Init) refers to usart.o(i.HAL_UART_MspInit) for HAL_UART_MspInit
    stm32f1xx_hal_uart.o(i.HAL_HalfDuplex_Init) refers to stm32f1xx_hal_uart.o(i.UART_SetConfig) for UART_SetConfig
[...]
    .constdata                               0x08003e64   Section        4  os_cfg_app.o(.constdata)
    .constdata                               0x08003e68   Section        2  os_cfg_app.o(.constdata)
    .constdata                               0x08003e6c   Section        4  os_cfg_app.o(.constdata)
    .constdata                               0x08003e70   Section        4  os_cfg_app.o(.constdata)
    .constdata                               0x08003e74   Section        4  os_cfg_app.o(.constdata)
    .constdata                               0x08003e78   Section        4  os_cfg_app.o(.constdata)
    .constdata                               0x08003e7c   Section        4  os_cfg_app.o(.constdata)
    .constdata                               0x08003e80   Section        2  os_cfg_app.o(.constdata)
    .constdata                               0x08003e84   Section        4  os_cfg_app.o(.constdata)
    .constdata                               0x08003e88   Section        1  os_cfg_app.o(.constdata)
    .constdata                               0x08003e8c   Section        4  os_cfg_app.o(.constdata)
    .constdata                               0x08003e90   Section        4  os_cfg_app.o(.constdata)
    .constdata                               0x08003e94   Section        4  os_cfg_app.o(.constdata)
    .constdata                               0x08003e98   Section        4  os_cfg_app.o(.constdata)
    .constdata                               0x08003e9c   Section        4  os_cfg_app.o(.constdata)
    .constdata                               0x08003ea0   Section        4  os_cfg_app.o(.constdata)
    .constdata                               0x08003ea4   Section        1  os_cfg_app.o(.constdata)
    .constdata                               0x08003ea8   Section        4  os_cfg_app.o(.constdata)
    .constdata                               0x08003eac   Section        4  os_cfg_app.o(.constdata)
    .constdata                               0x08003eb0   Section        4  os_cfg_app.o(.constdata)
    .constdata                               0x08003eb4   Section        2  os_cfg_app.o(.constdata)
    .constdata                               0x08003eb6   Section        1  os_cfg_app.o(.constdata)
    .constdata                               0x08003eb8   Section        4  os_cfg_app.o(.constdata)
    .constdata                               0x08003ebc   Section        4  os_cfg_app.o(.constdata)
    .constdata                               0x08003ec0   Section        4  os_cfg_app.o(.constdata)
    .constdata                               0x08003ec4   Section        4  os_cfg_app.o(.constdata)
    .constdata                               0x08003ec8   Section        2  os_cfg_app.o(.constdata)
    .data                                    0x20000000   Section       12  stm32f1xx_hal.o(.data)
    .data                                    0x2000000c   Section        4  system_stm32f1xx.o(.data)
    .data                                    0x20000010   Section       28  cpu_core.o(.data)
    .data                                    0x2000002c   Section        4  os_cpu_c.o(.data)
    .data                                    0x20000030   Section        4  os_prio.o(.data)
    .data                                    0x20000034   Section        4  os_var.o(.data)
    .data                                    0x20000038   Section        4  os_var.o(.data)
    .data                                    0x2000003c   Section        4  os_var.o(.data)
    .data                                    0x20000040   Section        4  os_var.o(.data)
    .data                                    0x20000044   Section        4  os_var.o(.data)
    .data                                    0x20000048   Section        4  os_var.o(.data)
    .data                                    0x2000004c   Section        4  os_var.o(.data)
    .data                                    0x20000050   Section        4  os_var.o(.data)
    .data                                    0x20000054   Section        1  os_var.o(.data)
    .data                                    0x20000058   Section        4  os_var.o(.data)
    .data                                    0x2000005c   Section        1  os_var.o(.data)
    .data                                    0x20000060   Section        4  os_var.o(.data)
    .data                                    0x20000064   Section        4  os_var.o(.data)
    .data                                    0x20000068   Section        2  os_var.o(.data)
    .data                                    0x2000006a   Section        2  os_var.o(.data)
    .data                                    0x2000006c   Section        2  os_var.o(.data)
    .data                                    0x20000070   Section        4  os_var.o(.data)
    .data                                    0x20000074   Section        4  os_var.o(.data)
    .data                                    0x20000078   Section        2  os_var.o(.data)
    .data                                    0x2000007c   Section        4  os_var.o(.data)
    .data                                    0x20000080   Section        2  os_var.o(.data)
    .data                                    0x20000084   Section        4  os_var.o(.data)
    .data                                    0x20000088   Section        2  os_var.o(.data)
    .data                                    0x2000008a   Section        1  os_var.o(.data)
    .data                                    0x2000008b   Section        1  os_var.o(.data)
    .data                                    0x2000008c   Section        1  os_var.o(.data)
    .data                                    0x20000090   Section        4  os_var.o(.data)
    .data                                    0x20000094   Section        2  os_var.o(.data)
    .data                                    0x20000098   Section        4  os_var.o(.data)
    .data                                    0x2000009c   Section        4  os_var.o(.data)
    .data                                    0x200000a0   Section        4  os_var.o(.data)
    .data                                    0x200000a4   Section        1  os_var.o(.data)
    .data                                    0x200000a8   Section        4  os_var.o(.data)
    .data                                    0x200000ac   Section        1  os_var.o(.data)
    .data                                    0x200000b0   Section        4  os_var.o(.data)
    .data                                    0x200000b4   Section        2  os_var.o(.data)
    .data                                    0x200000b6   Section        1  os_var.o(.data)
    .data                                    0x200000b8   Section        2  os_var.o(.data)
    .data                                    0x200000ba   Section        2  os_var.o(.data)
    .data                                    0x200000bc   Section        4  os_var.o(.data)
    .data                                    0x200000c0   Section        4  os_var.o(.data)
    .data                                    0x200000c4   Section        4  os_var.o(.data)
    .data                                    0x200000c8   Section        1  os_var.o(.data)
    .data                                    0x200000cc   Section        4  os_var.o(.data)
    .data                                    0x200000d0   Section        4  os_var.o(.data)
    .data                                    0x200000d4   Section        4  os_var.o(.data)
    .data                                    0x200000d8   Section        2  os_var.o(.data)
    .data                                    0x200000da   Section        1  os_var.o(.data)
    .data                                    0x200000dc   Section        4  os_var.o(.data)
    .data                                    0x200000e0   Section        4  os_var.o(.data)
    .data                                    0x200000e4   Section        4  os_var.o(.data)
    .data                                    0x200000e8   Section        4  os_var.o(.data)
    .data                                    0x200000ec   Section        4  os_var.o(.data)
    .data                                    0x200000f0   Section        4  os_var.o(.data)
    .data                                    0x200000f4   Section        4  os_var.o(.data)
    .data                                    0x200000f8   Section        4  os_var.o(.data)
    .data                                    0x200000fc   Section        4  os_var.o(.data)
    .bss                                     0x20000100   Section     2848  main.o(.bss)
    AppTaskStartTCB                          0x20000100   Data         200  main.o(.bss)
    AppTaskStartStk                          0x200001c8   Data         512  main.o(.bss)
    Led1TaskTCB                              0x200003c8   Data         200  main.o(.bss)
    Led1TaskStk                              0x20000490   Data         512  main.o(.bss)
    Led2TaskTCB                              0x20000690   Data         200  main.o(.bss)
    Led2TaskStk                              0x20000758   Data         512  main.o(.bss)
    UartTaskTCB                              0x20000958   Data         200  main.o(.bss)
    UartTaskStk                              0x20000a20   Data         512  main.o(.bss)
    .bss                                     0x20000c20   Section       72  usart.o(.bss)
    .bss                                     0x20000c68   Section      512  os_cfg_app.o(.bss)
    .bss                                     0x20000e68   Section      320  os_cfg_app.o(.bss)
    .bss                                     0x20000fa8   Section      512  os_cfg_app.o(.bss)
    .bss                                     0x200011a8   Section      512  os_cfg_app.o(.bss)
    .bss                                     0x200013a8   Section     1600  os_cfg_app.o(.bss)
    .bss                                     0x200019e8   Section      512  os_cfg_app.o(.bss)
    .bss                                     0x20001be8   Section      512  os_cfg_app.o(.bss)
    .bss                                     0x20001de8   Section      136  os_cfg_app.o(.bss)
    .bss                                     0x20001e70   Section      512  os_cfg_app.o(.bss)
    .bss                                     0x20002070   Section      136  os_cfg_app.o(.bss)
    .bss                                     0x200020f8   Section      200  os_var.o(.bss)
    .bss                                     0x200021c0   Section      200  os_var.o(.bss)
    .bss                                     0x20002288   Section       12  os_var.o(.bss)
    .bss                                     0x20002294   Section      384  os_var.o(.bss)
    .bss                                     0x20002414   Section      200  os_var.o(.bss)
    .bss                                     0x200024dc   Section      200  os_var.o(.bss)
    .bss                                     0x200025a4   Section      200  os_var.o(.bss)
    .bss                                     0x2000266c   Section       96  libspace.o(.bss)
    HEAP                                     0x200026d0   Section      512  startup_stm32f103xb.o(HEAP)
    Heap_Mem                                 0x200026d0   Data         512  startup_stm32f103xb.o(HEAP)
    STACK                                    0x200028d0   Section     1024  startup_stm32f103xb.o(STACK)
    Stack_Mem                                0x200028d0   Data        1024  startup_stm32f103xb.o(STACK)
    __initial_sp                             0x20002cd0   Data           0  startup_stm32f103xb.o(STACK)

    Global Symbols

    Symbol Name                              Value     Ov Type        Size  Object(Section)

    BuildAttributes$$THM_ISAv4$P$D$K$B$S$PE$A:L22UL41UL21$X:L11$S22US41US21$IEEE1$IW$USESV6$~STKCKD$USESV7$~SHL$OSPACE$ROPI$EBA8$UX$STANDARDLIB$REQ8$PRES8$EABIv2 0x00000000   Number         0  anon$$obj.o ABSOLUTE
    __ARM_use_no_argv                        0x00000000   Number         0  main.o ABSOLUTE
    __ARM_exceptions_init                     - Undefined Weak Reference
    __alloca_initialize                       - Undefined Weak Reference
    __arm_fini_                               - Undefined Weak Reference
    __arm_preinit_                            - Undefined Weak Reference
    __cpp_initialize__aeabi_                  - Undefined Weak Reference
    __cxa_finalize                            - Undefined Weak Reference
    __rt_locale                               - Undefined Weak Reference
    __sigvec_lookup                           - Undefined Weak Reference
    _atexit_init                              - Undefined Weak Reference
    _call_atexit_fns                          - Undefined Weak Reference
    _clock_init                               - Undefined Weak Reference
    _fp_trap_init                             - Undefined Weak Reference
    _fp_trap_shutdown                         - Undefined Weak Reference
    _get_lc_collate                           - Undefined Weak Reference
    _get_lc_ctype                             - Undefined Weak Reference
    _get_lc_monetary                          - Undefined Weak Reference
    _get_lc_numeric                           - Undefined Weak Reference
    _get_lc_time                              - Undefined Weak Reference
    _getenv_init                              - Undefined Weak Reference
    _handle_redirection                       - Undefined Weak Reference
    _init_alloc                               - Undefined Weak Reference
    _init_user_alloc                          - Undefined Weak Reference
    _initio                                   - Undefined Weak Reference
    _rand_init                                - Undefined Weak Reference
    _signal_finish                            - Undefined Weak Reference
    _signal_init                              - Undefined Weak Reference
    _terminate_alloc                          - Undefined Weak Reference
    _terminate_user_alloc                     - Undefined Weak Reference
    _terminateio                              - Undefined Weak Reference
    __Vectors_Size                           0x000000ec   Number         0  startup_stm32f103xb.o ABSOLUTE
    __Vectors                                0x08000000   Data           4  startup_stm32f103xb.o(RESET)
    __Vectors_End                            0x080000ec   Data           0  startup_stm32f103xb.o(RESET)
    __main                                   0x080000ed   Thumb Code     8  __main.o(!!!main)
    __scatterload                            0x080000f5   Thumb Code     0  __scatter.o(!!!scatter)
    __scatterload_rt2                        0x080000f5   Thumb Code    44  __scatter.o(!!!scatter)
    __scatterload_rt2_thumb_only             0x080000f5   Thumb Code     0  __scatter.o(!!!scatter)
    __scatterload_null                       0x08000103   Thumb Code     0  __scatter.o(!!!scatter)
    __scatterload_copy                       0x08000129   Thumb Code    26  __scatter_copy.o(!!handler_copy)
    __scatterload_zeroinit                   0x08000145   Thumb Code    28  __scatter_zi.o(!!handler_zi)
    __rt_lib_init                            0x08000161   Thumb Code     0  libinit.o(.ARM.Collect$$libinit$$00000000)
    __rt_lib_init_alloca_1                   0x08000163   Thumb Code     0  libinit2.o(.ARM.Collect$$libinit$$0000002E)
    __rt_lib_init_argv_1                     0x08000163   Thumb Code     0  libinit2.o(.ARM.Collect$$libinit$$0000002C)
    __rt_lib_init_atexit_1                   0x08000163   Thumb Code     0  libinit2.o(.ARM.Collect$$libinit$$0000001B)
    __rt_lib_init_clock_1                    0x08000163   Thumb Code     0  libinit2.o(.ARM.Collect$$libinit$$00000021)
    __rt_lib_init_cpp_1                      0x08000163   Thumb Code     0  libinit2.o(.ARM.Collect$$libinit$$00000032)
    __rt_lib_init_exceptions_1               0x08000163   Thumb Code     0  libinit2.o(.ARM.Collect$$libinit$$00000030)
    __rt_lib_init_fp_1                       0x08000163   Thumb Code     0  libinit2.o(.ARM.Collect$$libinit$$00000002)
    __rt_lib_init_fp_trap_1                  0x08000163   Thumb Code     0  libinit2.o(.ARM.Collect$$libinit$$0000001F)
    __rt_lib_init_getenv_1                   0x08000163   Thumb Code     0  libinit2.o(.ARM.Collect$$libinit$$00000023)
    __rt_lib_init_heap_1                     0x08000163   Thumb Code     0  libinit2.o(.ARM.Collect$$libinit$$0000000A)
    __rt_lib_init_lc_collate_1               0x08000163   Thumb Code     0  libinit2.o(.ARM.Collect$$libinit$$00000011)
    __rt_lib_init_lc_ctype_1                 0x08000163   Thumb Code     0  libinit2.o(.ARM.Collect$$libinit$$00000013)
    __rt_lib_init_lc_monetary_1              0x08000163   Thumb Code     0  libinit2.o(.ARM.Collect$$libinit$$00000015)
    __rt_lib_init_lc_numeric_1               0x08000163   Thumb Code     0  libinit2.o(.ARM.Collect$$libinit$$00000017)
    __rt_lib_init_lc_time_1                  0x08000163   Thumb Code     0  libinit2.o(.ARM.Collect$$libinit$$00000019)
    __rt_lib_init_preinit_1                  0x08000163   Thumb Code     0  libinit2.o(.ARM.Collect$$libinit$$00000004)
    __rt_lib_init_rand_1                     0x08000163   Thumb Code     0  libinit2.o(.ARM.Collect$$libinit$$0000000E)
    __rt_lib_init_return                     0x08000163   Thumb Code     0  libinit2.o(.ARM.Collect$$libinit$$00000033)
    __rt_lib_init_signal_1                   0x08000163   Thumb Code     0  libinit2.o(.ARM.Collect$$libinit$$0000001D)
    __rt_lib_init_stdio_1                    0x08000163   Thumb Code     0  libinit2.o(.ARM.Collect$$libinit$$00000025)
    __rt_lib_init_user_alloc_1               0x08000163   Thumb Code     0  libinit2.o(.ARM.Collect$$libinit$$0000000C)
    __rt_lib_shutdown                        0x08000165   Thumb Code     0  libshutdown.o(.ARM.Collect$$libshutdown$$00000000)
    __rt_lib_shutdown_cpp_1                  0x08000167   Thumb Code     0  libshutdown2.o(.ARM.Collect$$libshutdown$$00000004)
    __rt_lib_shutdown_fini_1                 0x08000167   Thumb Code     0  libshutdown2.o(.ARM.Collect$$libshutdown$$00000002)
    __rt_lib_shutdown_fp_trap_1              0x08000167   Thumb Code     0  libshutdown2.o(.ARM.Collect$$libshutdown$$00000009)
    __rt_lib_shutdown_heap_1                 0x08000167   Thumb Code     0  libshutdown2.o(.ARM.Collect$$libshutdown$$00000011)
    __rt_lib_shutdown_return                 0x08000167   Thumb Code     0  libshutdown2.o(.ARM.Collect$$libshutdown$$00000012)
    __rt_lib_shutdown_signal_1               0x08000167   Thumb Code     0  libshutdown2.o(.ARM.Collect$$libshutdown$$0000000C)
    __rt_lib_shutdown_stdio_1                0x08000167   Thumb Code     0  libshutdown2.o(.ARM.Collect$$libshutdown$$00000006)
    __rt_lib_shutdown_user_alloc_1           0x08000167   Thumb Code     0  libshutdown2.o(.ARM.Collect$$libshutdown$$0000000E)
    __rt_entry                               0x08000169   Thumb Code     0  __rtentry.o(.ARM.Collect$$rtentry$$00000000)
    __rt_entry_presh_1                       0x08000169   Thumb Code     0  __rtentry2.o(.ARM.Collect$$rtentry$$00000002)
    __rt_entry_sh                            0x08000169   Thumb Code     0  __rtentry4.o(.ARM.Collect$$rtentry$$00000004)
    __rt_entry_li                            0x0800016f   Thumb Code     0  __rtentry2.o(.ARM.Collect$$rtentry$$0000000A)
    __rt_entry_postsh_1                      0x0800016f   Thumb Code     0  __rtentry2.o(.ARM.Collect$$rtentry$$00000009)
    __rt_entry_main                          0x08000173   Thumb Code     0  __rtentry2.o(.ARM.Collect$$rtentry$$0000000D)
    __rt_entry_postli_1                      0x08000173   Thumb Code     0  __rtentry2.o(.ARM.Collect$$rtentry$$0000000C)
    __rt_exit                                0x0800017b   Thumb Code     0  rtexit.o(.ARM.Collect$$rtexit$$00000000)
    __rt_exit_ls                             0x0800017d   Thumb Code     0  rtexit2.o(.ARM.Collect$$rtexit$$00000003)
    __rt_exit_prels_1                        0x0800017d   Thumb Code     0  rtexit2.o(.ARM.Collect$$rtexit$$00000002)
    __rt_exit_exit                           0x08000181   Thumb Code     0  rtexit2.o(.ARM.Collect$$rtexit$$00000004)
    Reset_Handler                            0x08000189   Thumb Code     8  startup_stm32f103xb.o(.text)
    ADC1_2_IRQHandler                        0x080001a3   Thumb Code     0  startup_stm32f103xb.o(.text)
    CAN1_RX1_IRQHandler                      0x080001a3   Thumb Code     0  startup_stm32f103xb.o(.text)
    CAN1_SCE_IRQHandler                      0x080001a3   Thumb Code     0  startup_stm32f103xb.o(.text)
    DMA1_Channel1_IRQHandler                 0x080001a3   Thumb Code     0  startup_stm32f103xb.o(.text)
    DMA1_Channel2_IRQHandler                 0x080001a3   Thumb Code     0  startup_stm32f103xb.o(.text)
    DMA1_Channel3_IRQHandler                 0x080001a3   Thumb Code     0  startup_stm32f103xb.o(.text)
    DMA1_Channel4_IRQHandler                 0x080001a3   Thumb Code     0  startup_stm32f103xb.o(.text)
    DMA1_Channel5_IRQHandler                 0x080001a3   Thumb Code     0  startup_stm32f103xb.o(.text)
    DMA1_Channel6_IRQHandler                 0x080001a3   Thumb Code     0  startup_stm32f103xb.o(.text)
    DMA1_Channel7_IRQHandler                 0x080001a3   Thumb Code     0  startup_stm32f103xb.o(.text)
    EXTI0_IRQHandler                         0x080001a3   Thumb Code     0  startup_stm32f103xb.o(.text)
    EXTI15_10_IRQHandler                     0x080001a3   Thumb Code     0  startup_stm32f103xb.o(.text)
    EXTI1_IRQHandler                         0x080001a3   Thumb Code     0  startup_stm32f103xb.o(.text)
    EXTI2_IRQHandler                         0x080001a3   Thumb Code     0  startup_stm32f103xb.o(.text)
    EXTI3_IRQHandler                         0x080001a3   Thumb Code     0  startup_stm32f103xb.o(.text)
    EXTI4_IRQHandler                         0x080001a3   Thumb Code     0  startup_stm32f103xb.o(.text)
    EXTI9_5_IRQHandler                       0x080001a3   Thumb Code     0  startup_stm32f103xb.o(.text)
    FLASH_IRQHandler                         0x080001a3   Thumb Code     0  startup_stm32f103xb.o(.text)
    I2C1_ER_IRQHandler                       0x080001a3   Thumb Code     0  startup_stm32f103xb.o(.text)
    I2C1_EV_IRQHandler                       0x080001a3   Thumb Code     0  startup_stm32f103xb.o(.text)
    I2C2_ER_IRQHandler                       0x080001a3   Thumb Code     0  startup_stm32f103xb.o(.text)
    I2C2_EV_IRQHandler                       0x080001a3   Thumb Code     0  startup_stm32f103xb.o(.text)
    PVD_IRQHandler                           0x080001a3   Thumb Code     0  startup_stm32f103xb.o(.text)
    RCC_IRQHandler                           0x080001a3   Thumb Code     0  startup_stm32f103xb.o(.text)
    RTC_Alarm_IRQHandler                     0x080001a3   Thumb Code     0  startup_stm32f103xb.o(.text)
    RTC_IRQHandler                           0x080001a3   Thumb Code     0  startup_stm32f103xb.o(.text)
    SPI1_IRQHandler                          0x080001a3   Thumb Code     0  startup_stm32f103xb.o(.text)
    SPI2_IRQHandler                          0x080001a3   Thumb Code     0  startup_stm32f103xb.o(.text)
    TAMPER_IRQHandler                        0x080001a3   Thumb Code     0  startup_stm32f103xb.o(.text)
    TIM1_BRK_IRQHandler                      0x080001a3   Thumb Code     0  startup_stm32f103xb.o(.text)
    TIM1_CC_IRQHandler                       0x080001a3   Thumb Code     0  startup_stm32f103xb.o(.text)
    TIM1_TRG_COM_IRQHandler                  0x080001a3   Thumb Code     0  startup_stm32f103xb.o(.text)
    TIM1_UP_IRQHandler                       0x080001a3   Thumb Code     0  startup_stm32f103xb.o(.text)
    TIM2_IRQHandler                          0x080001a3   Thumb Code     0  startup_stm32f103xb.o(.text)
    TIM3_IRQHandler                          0x080001a3   Thumb Code     0  startup_stm32f103xb.o(.text)
    TIM4_IRQHandler                          0x080001a3   Thumb Code     0  startup_stm32f103xb.o(.text)
    USART1_IRQHandler                        0x080001a3   Thumb Code     0  startup_stm32f103xb.o(.text)
    USART2_IRQHandler                        0x080001a3   Thumb Code     0  startup_stm32f103xb.o(.text)
    USART3_IRQHandler                        0x080001a3   Thumb Code     0  startup_stm32f103xb.o(.text)
    USBWakeUp_IRQHandler                     0x080001a3   Thumb Code     0  startup_stm32f103xb.o(.text)
    USB_HP_CAN1_TX_IRQHandler                0x080001a3   Thumb Code     0  startup_stm32f103xb.o(.text)
    USB_LP_CAN1_RX0_IRQHandler               0x080001a3   Thumb Code     0  startup_stm32f103xb.o(.text)
    WWDG_IRQHandler                          0x080001a3   Thumb Code     0  startup_stm32f103xb.o(.text)
    __user_initial_stackheap                 0x080001a5   Thumb Code     0  startup_stm32f103xb.o(.text)
    CPU_IntDis                               0x080001c9   Thumb Code     0  cpu_a.o(.text)
    CPU_IntEn                                0x080001cd   Thumb Code     0  cpu_a.o(.text)
    CPU_SR_Save                              0x080001d1   Thumb Code     0  cpu_a.o(.text)
    CPU_SR_Restore                           0x080001d9   Thumb Code     0  cpu_a.o(.text)
    CPU_WaitForInt                           0x080001df   Thumb Code     0  cpu_a.o(.text)
    CPU_WaitForExcept                        0x080001e3   Thumb Code     0  cpu_a.o(.text)
    CPU_CntLeadZeros                         0x080001e7   Thumb Code     0  cpu_a.o(.text)
    CPU_CntTrailZeros                        0x080001ed   Thumb Code     0  cpu_a.o(.text)
    CPU_RevBits                              0x080001f7   Thumb Code     0  cpu_a.o(.text)
    __aeabi_memcpy4                          0x080001fd   Thumb Code     0  rt_memcpy_w.o(.text)
    __aeabi_memcpy8                          0x080001fd   Thumb Code     0  rt_memcpy_w.o(.text)
    __rt_memcpy_w                            0x080001fd   Thumb Code   100  rt_memcpy_w.o(.text)
    _memcpy_lastbytes_aligned                0x08000245   Thumb Code     0  rt_memcpy_w.o(.text)
    __aeabi_memclr4                          0x08000261   Thumb Code     0  rt_memclr_w.o(.text)
    __aeabi_memclr8                          0x08000261   Thumb Code     0  rt_memclr_w.o(.text)
    __rt_memclr_w                            0x08000261   Thumb Code    78  rt_memclr_w.o(.text)
    _memset_w                                0x08000265   Thumb Code     0  rt_memclr_w.o(.text)
    __use_two_region_memory                  0x080002af   Thumb Code     2  heapauxi.o(.text)
    __rt_heap_escrow$2region                 0x080002b1   Thumb Code     2  heapauxi.o(.text)
    __rt_heap_expand$2region                 0x080002b3   Thumb Code     2  heapauxi.o(.text)
    __user_setup_stackheap                   0x080002b5   Thumb Code    74  sys_stackheap_outer.o(.text)
    exit                                     0x080002ff   Thumb Code    18  exit.o(.text)
    __user_libspace                          0x08000311   Thumb Code     8  libspace.o(.text)
    __user_perproc_libspace                  0x08000311   Thumb Code     0  libspace.o(.text)
    __user_perthread_libspace                0x08000311   Thumb Code     0  libspace.o(.text)
    _sys_exit                                0x08000319   Thumb Code     8  sys_exit.o(.text)
    __I$use$semihosting                      0x08000325   Thumb Code     0  use_no_semi.o(.text)
    __use_no_semihosting_swi                 0x08000325   Thumb Code     2  use_no_semi.o(.text)
    __semihosting_library_function           0x08000327   Thumb Code     0  indicate_semi.o(.text)
    OSStartHighRdy                           0x08000329   Thumb Code     0  os_cpu_a.o(CODE)
    OS_CPU_PendSVHandler                     0x0800034b   Thumb Code     0  os_cpu_a.o(CODE)
    BusFault_Handler                         0x0800047b   Thumb Code     2  stm32f1xx_it.o(i.BusFault_Handler)
    CPU_IntDisMeasMaxCurGet                  0x08000491   Thumb Code    24  cpu_core.o(i.CPU_IntDisMeasMaxCurGet)
    CPU_IntDisMeasMaxCurReset                0x080004ad   Thumb Code    26  cpu_core.o(i.CPU_IntDisMeasMaxCurReset)
    CPU_IntDisMeasMaxGet                     0x080004cd   Thumb Code    24  cpu_core.o(i.CPU_IntDisMeasMaxGet)
    CPU_IntDisMeasStart                      0x080004e9   Thumb Code    28  cpu_core.o(i.CPU_IntDisMeasStart)
    CPU_IntDisMeasStop                       0x08000509   Thumb Code    44  cpu_core.o(i.CPU_IntDisMeasStop)
    CPU_TS_TmrRd                             0x08000539   Thumb Code     6  bsp.o(i.CPU_TS_TmrRd)
    DebugMon_Handler                         0x08000545   Thumb Code     2  stm32f1xx_it.o(i.DebugMon_Handler)
    Error_Handler                            0x08000547   Thumb Code     2  main.o(i.Error_Handler)
    HAL_GPIO_Init                            0x08000549   Thumb Code   446  stm32f1xx_hal_gpio.o(i.HAL_GPIO_Init)
    HAL_GPIO_WritePin                        0x08000729   Thumb Code    10  stm32f1xx_hal_gpio.o(i.HAL_GPIO_WritePin)
    HAL_GetTick                              0x08000735   Thumb Code     6  stm32f1xx_hal.o(i.HAL_GetTick)
    HAL_Init                                 0x08000741   Thumb Code    32  stm32f1xx_hal.o(i.HAL_Init)
    HAL_InitTick                             0x08000765   Thumb Code    54  stm32f1xx_hal.o(i.HAL_InitTick)
    HAL_MspInit                              0x080007a5   Thumb Code    52  stm32f1xx_hal_msp.o(i.HAL_MspInit)
    HAL_NVIC_SetPriority                     0x080007e1   Thumb Code    60  stm32f1xx_hal_cortex.o(i.HAL_NVIC_SetPriority)
    HAL_NVIC_SetPriorityGrouping             0x08000821   Thumb Code    26  stm32f1xx_hal_cortex.o(i.HAL_NVIC_SetPriorityGrouping)
    HAL_RCC_ClockConfig                      0x08000845   Thumb Code   280  stm32f1xx_hal_rcc.o(i.HAL_RCC_ClockConfig)
    HAL_RCC_GetPCLK1Freq                     0x08000971   Thumb Code    20  stm32f1xx_hal_rcc.o(i.HAL_RCC_GetPCLK1Freq)
    HAL_RCC_GetPCLK2Freq                     0x08000991   Thumb Code    20  stm32f1xx_hal_rcc.o(i.HAL_RCC_GetPCLK2Freq)
    HAL_RCC_GetSysClockFreq                  0x080009b1   Thumb Code    58  stm32f1xx_hal_rcc.o(i.HAL_RCC_GetSysClockFreq)
    HAL_RCC_OscConfig                        0x080009fd   Thumb Code   778  stm32f1xx_hal_rcc.o(i.HAL_RCC_OscConfig)
    HAL_SYSTICK_Config                       0x08000d1d   Thumb Code    40  stm32f1xx_hal_cortex.o(i.HAL_SYSTICK_Config)
    HAL_UART_Init                            0x08000d45   Thumb Code   100  stm32f1xx_hal_uart.o(i.HAL_UART_Init)
    HAL_UART_MspInit                         0x08000da9   Thumb Code   100  usart.o(i.HAL_UART_MspInit)
    HAL_UART_Transmit                        0x08000e19   Thumb Code   160  stm32f1xx_hal_uart.o(i.HAL_UART_Transmit)
    HardFault_Handler                        0x08000eb9   Thumb Code     2  stm32f1xx_it.o(i.HardFault_Handler)
    MX_GPIO_Init                             0x08000f2d   Thumb Code   102  gpio.o(i.MX_GPIO_Init)
    MX_USART1_UART_Init                      0x08000f9d   Thumb Code    48  usart.o(i.MX_USART1_UART_Init)
    MemManage_Handler                        0x08000fd5   Thumb Code     2  stm32f1xx_it.o(i.MemManage_Handler)
    NMI_Handler                              0x08000fd7   Thumb Code     2  stm32f1xx_it.o(i.NMI_Handler)
    OSCfg_Init                               0x08000fd9   Thumb Code     2  os_cfg_app.o(i.OSCfg_Init)
    OSIdleTaskHook                           0x08000fdd   Thumb Code    12  os_cpu_c.o(i.OSIdleTaskHook)
    OSInit                                   0x08000fed   Thumb Code   290  os_core.o(i.OSInit)
    OSInitHook                               0x08001171   Thumb Code    38  os_cpu_c.o(i.OSInitHook)
    OSIntExit                                0x080011a5   Thumb Code   108  os_core.o(i.OSIntExit)
    OSSched                                  0x08001235   Thumb Code    90  os_core.o(i.OSSched)
    OSSchedLock                              0x080012b1   Thumb Code    80  os_core.o(i.OSSchedLock)
    OSSchedUnlock                            0x0800130d   Thumb Code   104  os_core.o(i.OSSchedUnlock)
    OSStart                                  0x08001381   Thumb Code    62  os_core.o(i.OSStart)
    OSStatReset                              0x080013d9   Thumb Code   202  os_stat.o(i.OSStatReset)
    OSStatTaskHook                           0x080014d1   Thumb Code    12  os_cpu_c.o(i.OSStatTaskHook)
    OSTaskCreate                             0x080014e1   Thumb Code   466  os_task.o(i.OSTaskCreate)
    OSTaskCreateHook                         0x080016d9   Thumb Code    12  os_cpu_c.o(i.OSTaskCreateHook)
    OSTaskDel                                0x080016e9   Thumb Code   336  os_task.o(i.OSTaskDel)
    OSTaskDelHook                            0x08001855   Thumb Code    12  os_cpu_c.o(i.OSTaskDelHook)
    OSTaskReturnHook                         0x08001865   Thumb Code    12  os_cpu_c.o(i.OSTaskReturnHook)
    OSTaskSemPend                            0x08001875   Thumb Code   354  os_task.o(i.OSTaskSemPend)
    OSTaskStkChk                             0x080019e5   Thumb Code   162  os_task.o(i.OSTaskStkChk)
    OSTaskStkInit                            0x08001a91   Thumb Code   108  os_cpu_c.o(i.OSTaskStkInit)
    OSTaskSwHook                             0x08001b01   Thumb Code    86  os_cpu_c.o(i.OSTaskSwHook)
    OSTimeDly                                0x08001b69   Thumb Code   224  os_time.o(i.OSTimeDly)
    OSTimeTick                               0x08001c55   Thumb Code    52  os_time.o(i.OSTimeTick)
    OSTimeTickHook                           0x08001c95   Thumb Code    12  os_cpu_c.o(i.OSTimeTickHook)
    OS_CPU_SysTickHandler                    0x08001ca5   Thumb Code    42  os_cpu_c.o(i.OS_CPU_SysTickHandler)
    OS_Dbg_Init                              0x08001cd5   Thumb Code     2  os_dbg.o(i.OS_Dbg_Init)
    OS_FlagInit                              0x08001cd9   Thumb Code    14  os_flag.o(i.OS_FlagInit)
    OS_FlagPost                              0x08001cf1   Thumb Code   382  os_flag.o(i.OS_FlagPost)
    OS_FlagTaskRdy                           0x08001e79   Thumb Code    68  os_flag.o(i.OS_FlagTaskRdy)
    OS_IdleTask                              0x08001ebd   Thumb Code    42  os_core.o(i.OS_IdleTask)
    OS_IdleTaskInit                          0x08001ef1   Thumb Code    60  os_core.o(i.OS_IdleTaskInit)
    OS_IntQPost                              0x08001f59   Thumb Code   148  os_int.o(i.OS_IntQPost)
    OS_IntQRePost                            0x08002011   Thumb Code   224  os_int.o(i.OS_IntQRePost)
    OS_IntQTask                              0x0800212d   Thumb Code   120  os_int.o(i.OS_IntQTask)
    OS_IntQTaskInit                          0x080021b5   Thumb Code   192  os_int.o(i.OS_IntQTaskInit)
    OS_MemInit                               0x080022cd   Thumb Code    14  os_mem.o(i.OS_MemInit)
    OS_MsgPoolInit                           0x080022e5   Thumb Code    92  os_msg.o(i.OS_MsgPoolInit)
    OS_MsgQFreeAll                           0x0800234d   Thumb Code    48  os_msg.o(i.OS_MsgQFreeAll)
    OS_MsgQInit                              0x08002381   Thumb Code    14  os_msg.o(i.OS_MsgQInit)
    OS_MsgQPut                               0x08002391   Thumb Code   132  os_msg.o(i.OS_MsgQPut)
    OS_MutexInit                             0x08002419   Thumb Code    14  os_mutex.o(i.OS_MutexInit)
    OS_Pend                                  0x08002431   Thumb Code    74  os_core.o(i.OS_Pend)
    OS_PendDataInit                          0x08002481   Thumb Code    48  os_core.o(i.OS_PendDataInit)
    OS_PendDbgNameAdd                        0x080024b1   Thumb Code    46  os_core.o(i.OS_PendDbgNameAdd)
    OS_PendDbgNameRemove                     0x080024f9   Thumb Code    22  os_core.o(i.OS_PendDbgNameRemove)
    OS_PendListInsertPrio                    0x08002515   Thumb Code    90  os_core.o(i.OS_PendListInsertPrio)
    OS_PendListRemove                        0x0800256f   Thumb Code    38  os_core.o(i.OS_PendListRemove)
    OS_PendListRemove1                       0x08002595   Thumb Code    54  os_core.o(i.OS_PendListRemove1)
    OS_Post                                  0x080025cb   Thumb Code   152  os_core.o(i.OS_Post)
    OS_Post1                                 0x08002663   Thumb Code    38  os_core.o(i.OS_Post1)
    OS_PrioGetHighest                        0x08002689   Thumb Code    32  os_prio.o(i.OS_PrioGetHighest)
    OS_PrioInit                              0x080026ad   Thumb Code     8  os_prio.o(i.OS_PrioInit)
    OS_PrioInsert                            0x080026b9   Thumb Code    28  os_prio.o(i.OS_PrioInsert)
    OS_PrioRemove                            0x080026d9   Thumb Code    28  os_prio.o(i.OS_PrioRemove)
    OS_QInit                                 0x080026f9   Thumb Code    14  os_q.o(i.OS_QInit)
    OS_QPost                                 0x08002711   Thumb Code   252  os_q.o(i.OS_QPost)
    OS_RdyListInit                           0x08002815   Thumb Code    32  os_core.o(i.OS_RdyListInit)
    OS_RdyListInsert                         0x08002839   Thumb Code    42  os_core.o(i.OS_RdyListInsert)
    OS_RdyListInsertHead                     0x08002869   Thumb Code    52  os_core.o(i.OS_RdyListInsertHead)
    OS_RdyListInsertTail                     0x080028a1   Thumb Code    48  os_core.o(i.OS_RdyListInsertTail)
    OS_RdyListMoveHeadToTail                 0x080028d5   Thumb Code    52  os_core.o(i.OS_RdyListMoveHeadToTail)
    OS_RdyListRemove                         0x08002909   Thumb Code    78  os_core.o(i.OS_RdyListRemove)
    OS_Sched0                                0x0800295d   Thumb Code    50  os_core.o(i.OS_Sched0)
    OS_SchedLockTimeMeasStart                0x080029a5   Thumb Code    20  os_core.o(i.OS_SchedLockTimeMeasStart)
    OS_SchedLockTimeMeasStop                 0x080029c1   Thumb Code    42  os_core.o(i.OS_SchedLockTimeMeasStop)
    OS_SchedRoundRobin                       0x080029fd   Thumb Code    88  os_core.o(i.OS_SchedRoundRobin)
    OS_SemInit                               0x08002a65   Thumb Code    14  os_sem.o(i.OS_SemInit)
    OS_SemPost                               0x08002a7d   Thumb Code   224  os_sem.o(i.OS_SemPost)
    OS_StatTask                              0x08002b61   Thumb Code   602  os_stat.o(i.OS_StatTask)
    OS_StatTaskInit                          0x08002e05   Thumb Code   118  os_stat.o(i.OS_StatTaskInit)
    OS_TaskBlock                             0x08002ec1   Thumb Code    42  os_core.o(i.OS_TaskBlock)
    OS_TaskDbgListAdd                        0x08002eed   Thumb Code    30  os_task.o(i.OS_TaskDbgListAdd)
    OS_TaskDbgListRemove                     0x08002f11   Thumb Code    50  os_task.o(i.OS_TaskDbgListRemove)
    OS_TaskInit                              0x08002f49   Thumb Code    18  os_task.o(i.OS_TaskInit)
    OS_TaskInitTCB                           0x08002f69   Thumb Code   188  os_task.o(i.OS_TaskInitTCB)
    OS_TaskQPost                             0x08003031   Thumb Code   310  os_task.o(i.OS_TaskQPost)
    OS_TaskRdy                               0x08003175   Thumb Code    28  os_core.o(i.OS_TaskRdy)
    OS_TaskResume                            0x08003191   Thumb Code   252  os_task.o(i.OS_TaskResume)
    OS_TaskReturn                            0x08003291   Thumb Code    20  os_task.o(i.OS_TaskReturn)
    OS_TaskSemPost                           0x080032a9   Thumb Code   380  os_task.o(i.OS_TaskSemPost)
    OS_TaskSuspend                           0x08003431   Thumb Code   224  os_task.o(i.OS_TaskSuspend)
    OS_TickListInit                          0x08003519   Thumb Code    34  os_tick.o(i.OS_TickListInit)
    OS_TickListInsert                        0x08003545   Thumb Code   202  os_tick.o(i.OS_TickListInsert)
    OS_TickListRemove                        0x0800361d   Thumb Code    54  os_tick.o(i.OS_TickListRemove)
    OS_TickListResetPeak                     0x08003655   Thumb Code    30  os_tick.o(i.OS_TickListResetPeak)
    OS_TickListUpdate                        0x0800367d   Thumb Code   354  os_tick.o(i.OS_TickListUpdate)
    OS_TickTask                              0x080037f9   Thumb Code    36  os_tick.o(i.OS_TickTask)
    OS_TickTaskInit                          0x08003821   Thumb Code   112  os_tick.o(i.OS_TickTaskInit)
    OS_TmrInit                               0x080038c9   Thumb Code   172  os_tmr.o(i.OS_TmrInit)
    OS_TmrLink                               0x080039cd   Thumb Code   140  os_tmr.o(i.OS_TmrLink)
    OS_TmrResetPeak                          0x08003a65   Thumb Code    30  os_tmr.o(i.OS_TmrResetPeak)
    OS_TmrTask                               0x08003a8d   Thumb Code   146  os_tmr.o(i.OS_TmrTask)
    OS_TmrUnlink                             0x08003b31   Thumb Code    68  os_tmr.o(i.OS_TmrUnlink)
    SVC_Handler                              0x08003b7d   Thumb Code     2  stm32f1xx_it.o(i.SVC_Handler)
    SystemClock_Config                       0x08003b7f   Thumb Code    78  main.o(i.SystemClock_Config)
    SystemInit                               0x08003bcd   Thumb Code     2  system_stm32f1xx.o(i.SystemInit)
    UsageFault_Handler                       0x08003d9d   Thumb Code     2  stm32f1xx_it.o(i.UsageFault_Handler)
    main                                     0x08003dc1   Thumb Code    84  main.o(i.main)
    AHBPrescTable                            0x08003e3e   Data          16  system_stm32f1xx.o(.constdata)
    APBPrescTable                            0x08003e4e   Data           8  system_stm32f1xx.o(.constdata)
    OSCfg_IdleTaskStkBasePtr                 0x08003e58   Data           4  os_cfg_app.o(.constdata)
    OSCfg_IdleTaskStkLimit                   0x08003e5c   Data           4  os_cfg_app.o(.constdata)
    OSCfg_IdleTaskStkSize                    0x08003e60   Data           4  os_cfg_app.o(.constdata)
    OSCfg_IntQBasePtr                        0x08003e64   Data           4  os_cfg_app.o(.constdata)
    OSCfg_IntQSize                           0x08003e68   Data           2  os_cfg_app.o(.constdata)
    OSCfg_IntQTaskStkBasePtr                 0x08003e6c   Data           4  os_cfg_app.o(.constdata)
    OSCfg_IntQTaskStkLimit                   0x08003e70   Data           4  os_cfg_app.o(.constdata)
    OSCfg_IntQTaskStkSize                    0x08003e74   Data           4  os_cfg_app.o(.constdata)
    OSCfg_ISRStkBasePtr                      0x08003e78   Data           4  os_cfg_app.o(.constdata)
    OSCfg_ISRStkSize                         0x08003e7c   Data           4  os_cfg_app.o(.constdata)
    OSCfg_MsgPoolSize                        0x08003e80   Data           2  os_cfg_app.o(.constdata)
    OSCfg_MsgPoolBasePtr                     0x08003e84   Data           4  os_cfg_app.o(.constdata)
    OSCfg_StatTaskPrio                       0x08003e88   Data           1  os_cfg_app.o(.constdata)
    OSCfg_StatTaskRate_Hz                    0x08003e8c   Data           4  os_cfg_app.o(.constdata)
    OSCfg_StatTaskStkBasePtr                 0x08003e90   Data           4  os_cfg_app.o(.constdata)
    OSCfg_StatTaskStkLimit                   0x08003e94   Data           4  os_cfg_app.o(.constdata)
    OSCfg_StatTaskStkSize                    0x08003e98   Data           4  os_cfg_app.o(.constdata)
    OSCfg_StkSizeMin                         0x08003e9c   Data           4  os_cfg_app.o(.constdata)
    OSCfg_TickRate_Hz                        0x08003ea0   Data           4  os_cfg_app.o(.constdata)
    OSCfg_TickTaskPrio                       0x08003ea4   Data           1  os_cfg_app.o(.constdata)
    OSCfg_TickTaskStkBasePtr                 0x08003ea8   Data           4  os_cfg_app.o(.constdata)
    OSCfg_TickTaskStkLimit                   0x08003eac   Data           4  os_cfg_app.o(.constdata)
    OSCfg_TickTaskStkSize                    0x08003eb0   Data           4  os_cfg_app.o(.constdata)
    OSCfg_TickWheelSize                      0x08003eb4   Data           2  os_cfg_app.o(.constdata)
    OSCfg_TmrTaskPrio                        0x08003eb6   Data           1  os_cfg_app.o(.constdata)
    OSCfg_TmrTaskRate_Hz                     0x08003eb8   Data           4  os_cfg_app.o(.constdata)
    OSCfg_TmrTaskStkBasePtr                  0x08003ebc   Data           4  os_cfg_app.o(.constdata)
    OSCfg_TmrTaskStkLimit                    0x08003ec0   Data           4  os_cfg_app.o(.constdata)
    OSCfg_TmrTaskStkSize                     0x08003ec4   Data           4  os_cfg_app.o(.constdata)
    OSCfg_TmrWheelSize                       0x08003ec8   Data           2  os_cfg_app.o(.constdata)
    Region$$Table$$Base                      0x08003ecc   Number         0  anon$$obj.o(Region$$Table)
    Region$$Table$$Limit                     0x08003eec   Number         0  anon$$obj.o(Region$$Table)
    uwTickFreq                               0x20000000   Data           1  stm32f1xx_hal.o(.data)
    uwTickPrio                               0x20000004   Data           4  stm32f1xx_hal.o(.data)
    uwTick                                   0x20000008   Data           4  stm32f1xx_hal.o(.data)
    SystemCoreClock                          0x2000000c   Data           4  system_stm32f1xx.o(.data)
    CPU_IntDisMeasCtr                        0x20000010   Data           2  cpu_core.o(.data)
    CPU_IntDisNestCtr                        0x20000012   Data           2  cpu_core.o(.data)
    CPU_TS_TmrFreq_Hz                        0x20000014   Data           4  cpu_core.o(.data)
    CPU_IntDisMeasStart_cnts                 0x20000018   Data           4  cpu_core.o(.data)
    CPU_IntDisMeasStop_cnts                  0x2000001c   Data           4  cpu_core.o(.data)
    CPU_IntDisMeasOvrhd_cnts                 0x20000020   Data           4  cpu_core.o(.data)
    CPU_IntDisMeasMaxCur_cnts                0x20000024   Data           4  cpu_core.o(.data)
    CPU_IntDisMeasMax_cnts                   0x20000028   Data           4  cpu_core.o(.data)
    OS_CPU_ExceptStkBase                     0x2000002c   Data           4  os_cpu_c.o(.data)
    OSPrioTbl                                0x20000030   Data           4  os_prio.o(.data)
    OS_AppTaskCreateHookPtr                  0x20000034   Data           4  os_var.o(.data)
    OS_AppTaskDelHookPtr                     0x20000038   Data           4  os_var.o(.data)
    OS_AppTaskReturnHookPtr                  0x2000003c   Data           4  os_var.o(.data)
    OS_AppIdleTaskHookPtr                    0x20000040   Data           4  os_var.o(.data)
    OS_AppStatTaskHookPtr                    0x20000044   Data           4  os_var.o(.data)
    OS_AppTaskSwHookPtr                      0x20000048   Data           4  os_var.o(.data)
    OS_AppTimeTickHookPtr                    0x2000004c   Data           4  os_var.o(.data)
    OSIdleTaskCtr                            0x20000050   Data           4  os_var.o(.data)
    OSIntNestingCtr                          0x20000054   Data           1  os_var.o(.data)
    OSIntDisTimeMax                          0x20000058   Data           4  os_var.o(.data)
    OSRunning                                0x2000005c   Data           1  os_var.o(.data)
    OSIntQInPtr                              0x20000060   Data           4  os_var.o(.data)
    OSIntQOutPtr                             0x20000064   Data           4  os_var.o(.data)
    OSIntQNbrEntries                         0x20000068   Data           2  os_var.o(.data)
    OSIntQNbrEntriesMax                      0x2000006a   Data           2  os_var.o(.data)
    OSIntQOvfCtr                             0x2000006c   Data           2  os_var.o(.data)
    OSIntQTaskTimeMax                        0x20000070   Data           4  os_var.o(.data)
    OSFlagDbgListPtr                         0x20000074   Data           4  os_var.o(.data)
    OSFlagQty                                0x20000078   Data           2  os_var.o(.data)
    OSMemDbgListPtr                          0x2000007c   Data           4  os_var.o(.data)
    OSMemQty                                 0x20000080   Data           2  os_var.o(.data)
    OSMutexDbgListPtr                        0x20000084   Data           4  os_var.o(.data)
    OSMutexQty                               0x20000088   Data           2  os_var.o(.data)
    OSPrioCur                                0x2000008a   Data           1  os_var.o(.data)
    OSPrioHighRdy                            0x2000008b   Data           1  os_var.o(.data)
    OSPrioSaved                              0x2000008c   Data           1  os_var.o(.data)
    OSQDbgListPtr                            0x20000090   Data           4  os_var.o(.data)
    OSQQty                                   0x20000094   Data           2  os_var.o(.data)
    OSSchedLockTimeBegin                     0x20000098   Data           4  os_var.o(.data)
    OSSchedLockTimeMax                       0x2000009c   Data           4  os_var.o(.data)
    OSSchedLockTimeMaxCur                    0x200000a0   Data           4  os_var.o(.data)
    OSSchedLockNestingCtr                    0x200000a4   Data           1  os_var.o(.data)
    OSSchedRoundRobinDfltTimeQuanta          0x200000a8   Data           4  os_var.o(.data)
    OSSchedRoundRobinEn                      0x200000ac   Data           1  os_var.o(.data)
    OSSemDbgListPtr                          0x200000b0   Data           4  os_var.o(.data)
    OSSemQty                                 0x200000b4   Data           2  os_var.o(.data)
    OSStatResetFlag                          0x200000b6   Data           1  os_var.o(.data)
    OSStatTaskCPUUsage                       0x200000b8   Data           2  os_var.o(.data)
    OSStatTaskCPUUsageMax                    0x200000ba   Data           2  os_var.o(.data)
    OSStatTaskCtr                            0x200000bc   Data           4  os_var.o(.data)
    OSStatTaskCtrMax                         0x200000c0   Data           4  os_var.o(.data)
    OSStatTaskCtrRun                         0x200000c4   Data           4  os_var.o(.data)
    OSStatTaskRdy                            0x200000c8   Data           1  os_var.o(.data)
    OSStatTaskTimeMax                        0x200000cc   Data           4  os_var.o(.data)
    OSTaskCtxSwCtr                           0x200000d0   Data           4  os_var.o(.data)
    OSTaskDbgListPtr                         0x200000d4   Data           4  os_var.o(.data)
    OSTaskQty                                0x200000d8   Data           2  os_var.o(.data)
    OSTaskRegNextAvailID                     0x200000da   Data           1  os_var.o(.data)
    OSTickCtr                                0x200000dc   Data           4  os_var.o(.data)
    OSTickTaskTimeMax                        0x200000e0   Data           4  os_var.o(.data)
    OSTmrDbgListPtr                          0x200000e4   Data           4  os_var.o(.data)
    OSTmrTaskTimeMax                         0x200000e8   Data           4  os_var.o(.data)
    OSTmrTickCtr                             0x200000ec   Data           4  os_var.o(.data)
    OSTmrUpdateCnt                           0x200000f0   Data           4  os_var.o(.data)
    OSTmrUpdateCtr                           0x200000f4   Data           4  os_var.o(.data)
    OSTCBCurPtr                              0x200000f8   Data           4  os_var.o(.data)
    OSTCBHighRdyPtr                          0x200000fc   Data           4  os_var.o(.data)
    huart1                                   0x20000c20   Data          72  usart.o(.bss)
    OSCfg_IdleTaskStk                        0x20000c68   Data         512  os_cfg_app.o(.bss)
    OSCfg_IntQ                               0x20000e68   Data         320  os_cfg_app.o(.bss)
    OSCfg_IntQTaskStk                        0x20000fa8   Data         512  os_cfg_app.o(.bss)
    OSCfg_ISRStk                             0x200011a8   Data         512  os_cfg_app.o(.bss)
    OSCfg_MsgPool                            0x200013a8   Data        1600  os_cfg_app.o(.bss)
    OSCfg_StatTaskStk                        0x200019e8   Data         512  os_cfg_app.o(.bss)
    OSCfg_TickTaskStk                        0x20001be8   Data         512  os_cfg_app.o(.bss)
    OSCfg_TickWheel                          0x20001de8   Data         136  os_cfg_app.o(.bss)
    OSCfg_TmrTaskStk                         0x20001e70   Data         512  os_cfg_app.o(.bss)
    OSCfg_TmrWheel                           0x20002070   Data         136  os_cfg_app.o(.bss)
    OSIdleTaskTCB                            0x200020f8   Data         200  os_var.o(.bss)
    OSIntQTaskTCB                            0x200021c0   Data         200  os_var.o(.bss)
    OSMsgPool                                0x20002288   Data          12  os_var.o(.bss)
    OSRdyList                                0x20002294   Data         384  os_var.o(.bss)
    OSStatTaskTCB                            0x20002414   Data         200  os_var.o(.bss)
    OSTickTaskTCB                            0x200024dc   Data         200  os_var.o(.bss)
    OSTmrTaskTCB                             0x200025a4   Data         200  os_var.o(.bss)
    __libspace_start                         0x2000266c   Data          96  libspace.o(.bss)
    __temporary_stack_top$libspace           0x200026cc   Data           0  libspace.o(.bss)



==============================================================================

Memory Map of the image

  Image Entry point : 0x080000ed

  Load Region LR_IROM1 (Base: 0x08000000, Size: 0x00003fec, Max: 0x00010000, ABSOLUTE)

    Execution Region ER_IROM1 (Exec base: 0x08000000, Load base: 0x08000000, Size: 0x00003eec, Max: 0x00010000, ABSOLUTE)

    Exec Addr    Load Addr    Size         Type   Attr      Idx    E Section Name        Object

    0x08000000   0x08000000   0x000000ec   Data   RO            3    RESET               startup_stm32f103xb.o
    0x080000ec   0x080000ec   0x00000008   Code   RO         3962  * !!!main             c_w.l(__main.o)
    0x080000f4   0x080000f4   0x00000034   Code   RO         4131    !!!scatter          c_w.l(__scatter.o)
    0x08000128   0x08000128   0x0000001a   Code   RO         4133    !!handler_copy      c_w.l(__scatter_copy.o)
    0x08000142   0x08000142   0x00000002   PAD
    0x08000144   0x08000144   0x0000001c   Code   RO         4135    !!handler_zi        c_w.l(__scatter_zi.o)
    0x08000160   0x08000160   0x00000002   Code   RO         3999    .ARM.Collect$$libinit$$00000000  c_w.l(libinit.o)
    0x08000162   0x08000162   0x00000000   Code   RO         4012    .ARM.Collect$$libinit$$00000002  c_w.l(libinit2.o)
    0x08000162   0x08000162   0x00000000   Code   RO         4014    .ARM.Collect$$libinit$$00000004  c_w.l(libinit2.o)
    0x08000162   0x08000162   0x00000000   Code   RO         4017    .ARM.Collect$$libinit$$0000000A  c_w.l(libinit2.o)
    0x08000162   0x08000162   0x00000000   Code   RO         4019    .ARM.Collect$$libinit$$0000000C  c_w.l(libinit2.o)
    0x08000162   0x08000162   0x00000000   Code   RO         4021    .ARM.Collect$$libinit$$0000000E  c_w.l(libinit2.o)
    0x08000162   0x08000162   0x00000000   Code   RO         4024    .ARM.Collect$$libinit$$00000011  c_w.l(libinit2.o)
    0x08000162   0x08000162   0x00000000   Code   RO         4026    .ARM.Collect$$libinit$$00000013  c_w.l(libinit2.o)
    0x08000162   0x08000162   0x00000000   Code   RO         4028    .ARM.Collect$$libinit$$00000015  c_w.l(libinit2.o)
    0x08000162   0x08000162   0x00000000   Code   RO         4030    .ARM.Collect$$libinit$$00000017  c_w.l(libinit2.o)
    0x08000162   0x08000162   0x00000000   Code   RO         4032    .ARM.Collect$$libinit$$00000019  c_w.l(libinit2.o)
    0x08000162   0x08000162   0x00000000   Code   RO         4034    .ARM.Collect$$libinit$$0000001B  c_w.l(libinit2.o)
    0x08000162   0x08000162   0x00000000   Code   RO         4036    .ARM.Collect$$libinit$$0000001D  c_w.l(libinit2.o)
    0x08000162   0x08000162   0x00000000   Code   RO         4038    .ARM.Collect$$libinit$$0000001F  c_w.l(libinit2.o)
    0x08000162   0x08000162   0x00000000   Code   RO         4040    .ARM.Collect$$libinit$$00000021  c_w.l(libinit2.o)
    0x08000162   0x08000162   0x00000000   Code   RO         4042    .ARM.Collect$$libinit$$00000023  c_w.l(libinit2.o)
    0x08000162   0x08000162   0x00000000   Code   RO         4044    .ARM.Collect$$libinit$$00000025  c_w.l(libinit2.o)
    0x08000162   0x08000162   0x00000000   Code   RO         4048    .ARM.Collect$$libinit$$0000002C  c_w.l(libinit2.o)
    0x08000162   0x08000162   0x00000000   Code   RO         4050    .ARM.Collect$$libinit$$0000002E  c_w.l(libinit2.o)
    0x08000162   0x08000162   0x00000000   Code   RO         4052    .ARM.Collect$$libinit$$00000030  c_w.l(libinit2.o)
    0x08000162   0x08000162   0x00000000   Code   RO         4054    .ARM.Collect$$libinit$$00000032  c_w.l(libinit2.o)
    0x08000162   0x08000162   0x00000002   Code   RO         4055    .ARM.Collect$$libinit$$00000033  c_w.l(libinit2.o)
    0x08000164   0x08000164   0x00000002   Code   RO         4086    .ARM.Collect$$libshutdown$$00000000  c_w.l(libshutdown.o)
    0x08000166   0x08000166   0x00000000   Code   RO         4112    .ARM.Collect$$libshutdown$$00000002  c_w.l(libshutdown2.o)
    0x08000166   0x08000166   0x00000000   Code   RO         4114    .ARM.Collect$$libshutdown$$00000004  c_w.l(libshutdown2.o)
    0x08000166   0x08000166   0x00000000   Code   RO         4116    .ARM.Collect$$libshutdown$$00000006  c_w.l(libshutdown2.o)
    0x08000166   0x08000166   0x00000000   Code   RO         4119    .ARM.Collect$$libshutdown$$00000009  c_w.l(libshutdown2.o)
    0x08000166   0x08000166   0x00000000   Code   RO         4122    .ARM.Collect$$libshutdown$$0000000C  c_w.l(libshutdown2.o)
    0x08000166   0x08000166   0x00000000   Code   RO         4124    .ARM.Collect$$libshutdown$$0000000E  c_w.l(libshutdown2.o)
    0x08000166   0x08000166   0x00000000   Code   RO         4127    .ARM.Collect$$libshutdown$$00000011  c_w.l(libshutdown2.o)
    0x08000166   0x08000166   0x00000002   Code   RO         4128    .ARM.Collect$$libshutdown$$00000012  c_w.l(libshutdown2.o)
    0x08000168   0x08000168   0x00000000   Code   RO         3964    .ARM.Collect$$rtentry$$00000000  c_w.l(__rtentry.o)
    0x08000168   0x08000168   0x00000000   Code   RO         3970    .ARM.Collect$$rtentry$$00000002  c_w.l(__rtentry2.o)
    0x08000168   0x08000168   0x00000006   Code   RO         3982    .ARM.Collect$$rtentry$$00000004  c_w.l(__rtentry4.o)
    0x0800016e   0x0800016e   0x00000000   Code   RO         3972    .ARM.Collect$$rtentry$$00000009  c_w.l(__rtentry2.o)
    0x0800016e   0x0800016e   0x00000004   Code   RO         3973    .ARM.Collect$$rtentry$$0000000A  c_w.l(__rtentry2.o)
    0x08000172   0x08000172   0x00000000   Code   RO         3975    .ARM.Collect$$rtentry$$0000000C  c_w.l(__rtentry2.o)
    0x08000172   0x08000172   0x00000008   Code   RO         3976    .ARM.Collect$$rtentry$$0000000D  c_w.l(__rtentry2.o)
    0x0800017a   0x0800017a   0x00000002   Code   RO         4003    .ARM.Collect$$rtexit$$00000000  c_w.l(rtexit.o)
    0x0800017c   0x0800017c   0x00000000   Code   RO         4059    .ARM.Collect$$rtexit$$00000002  c_w.l(rtexit2.o)
    0x0800017c   0x0800017c   0x00000004   Code   RO         4060    .ARM.Collect$$rtexit$$00000003  c_w.l(rtexit2.o)
    0x08000180   0x08000180   0x00000006   Code   RO         4061    .ARM.Collect$$rtexit$$00000004  c_w.l(rtexit2.o)
    0x08000186   0x08000186   0x00000002   PAD
    0x08000188   0x08000188   0x00000040   Code   RO            4    .text               startup_stm32f103xb.o
    0x080001c8   0x080001c8   0x00000034   Code   RO         2098    .text               cpu_a.o
    0x080001fc   0x080001fc   0x00000064   Code   RO         3956    .text               c_w.l(rt_memcpy_w.o)
    0x08000260   0x08000260   0x0000004e   Code   RO         3958    .text               c_w.l(rt_memclr_w.o)
    0x080002ae   0x080002ae   0x00000006   Code   RO         3960    .text               c_w.l(heapauxi.o)
    0x080002b4   0x080002b4   0x0000004a   Code   RO         3986    .text               c_w.l(sys_stackheap_outer.o)
    0x080002fe   0x080002fe   0x00000012   Code   RO         3988    .text               c_w.l(exit.o)
    0x08000310   0x08000310   0x00000008   Code   RO         4000    .text               c_w.l(libspace.o)
    0x08000318   0x08000318   0x0000000c   Code   RO         4056    .text               c_w.l(sys_exit.o)
    0x08000324   0x08000324   0x00000002   Code   RO         4075    .text               c_w.l(use_no_semi.o)
    0x08000326   0x08000326   0x00000000   Code   RO         4077    .text               c_w.l(indicate_semi.o)
    0x08000326   0x08000326   0x00000002   PAD
    0x08000328   0x08000328   0x00000084   Code   RO         2563    CODE                os_cpu_a.o
    0x080003ac   0x080003ac   0x000000bc   Code   RO          187    i.AppTaskCreate     main.o
    0x08000468   0x08000468   0x00000012   Code   RO          188    i.AppTaskStart      main.o
    0x0800047a   0x0800047a   0x00000002   Code   RO          330    i.BusFault_Handler  stm32f1xx_it.o
    0x0800047c   0x0800047c   0x00000014   Code   RO         1948    i.CPU_IntDisMeasMaxCalc  cpu_core.o
    0x08000490   0x08000490   0x0000001c   Code   RO         1949    i.CPU_IntDisMeasMaxCurGet  cpu_core.o
    0x080004ac   0x080004ac   0x00000020   Code   RO         1950    i.CPU_IntDisMeasMaxCurReset  cpu_core.o
    0x080004cc   0x080004cc   0x0000001c   Code   RO         1951    i.CPU_IntDisMeasMaxGet  cpu_core.o
    0x080004e8   0x080004e8   0x00000020   Code   RO         1952    i.CPU_IntDisMeasStart  cpu_core.o
    0x08000508   0x08000508   0x00000030   Code   RO         1953    i.CPU_IntDisMeasStop  cpu_core.o
    0x08000538   0x08000538   0x0000000c   Code   RO         1884    i.CPU_TS_TmrRd      bsp.o
    0x08000544   0x08000544   0x00000002   Code   RO          331    i.DebugMon_Handler  stm32f1xx_it.o
    0x08000546   0x08000546   0x00000002   Code   RO          189    i.Error_Handler     main.o
    0x08000548   0x08000548   0x000001e0   Code   RO         1181    i.HAL_GPIO_Init     stm32f1xx_hal_gpio.o
    0x08000728   0x08000728   0x0000000a   Code   RO         1185    i.HAL_GPIO_WritePin  stm32f1xx_hal_gpio.o
    0x08000732   0x08000732   0x00000002   PAD
    0x08000734   0x08000734   0x0000000c   Code   RO          875    i.HAL_GetTick       stm32f1xx_hal.o
    0x08000740   0x08000740   0x00000024   Code   RO          882    i.HAL_Init          stm32f1xx_hal.o
    0x08000764   0x08000764   0x00000040   Code   RO          883    i.HAL_InitTick      stm32f1xx_hal.o
    0x080007a4   0x080007a4   0x0000003c   Code   RO          405    i.HAL_MspInit       stm32f1xx_hal_msp.o
    0x080007e0   0x080007e0   0x00000040   Code   RO         1347    i.HAL_NVIC_SetPriority  stm32f1xx_hal_cortex.o
    0x08000820   0x08000820   0x00000024   Code   RO         1348    i.HAL_NVIC_SetPriorityGrouping  stm32f1xx_hal_cortex.o
    0x08000844   0x08000844   0x0000012c   Code   RO         1039    i.HAL_RCC_ClockConfig  stm32f1xx_hal_rcc.o
    0x08000970   0x08000970   0x00000020   Code   RO         1046    i.HAL_RCC_GetPCLK1Freq  stm32f1xx_hal_rcc.o
    0x08000990   0x08000990   0x00000020   Code   RO         1047    i.HAL_RCC_GetPCLK2Freq  stm32f1xx_hal_rcc.o
    0x080009b0   0x080009b0   0x0000004c   Code   RO         1048    i.HAL_RCC_GetSysClockFreq  stm32f1xx_hal_rcc.o
    0x080009fc   0x080009fc   0x00000320   Code   RO         1051    i.HAL_RCC_OscConfig  stm32f1xx_hal_rcc.o
    0x08000d1c   0x08000d1c   0x00000028   Code   RO         1352    i.HAL_SYSTICK_Config  stm32f1xx_hal_cortex.o
    0x08000d44   0x08000d44   0x00000064   Code   RO          531    i.HAL_UART_Init     stm32f1xx_hal_uart.o
    0x08000da8   0x08000da8   0x00000070   Code   RO          289    i.HAL_UART_MspInit  usart.o
    0x08000e18   0x08000e18   0x000000a0   Code   RO          539    i.HAL_UART_Transmit  stm32f1xx_hal_uart.o
    0x08000eb8   0x08000eb8   0x00000002   Code   RO          332    i.HardFault_Handler  stm32f1xx_it.o
    0x08000eba   0x08000eba   0x00000002   PAD
    0x08000ebc   0x08000ebc   0x00000038   Code   RO          190    i.Led1Task          main.o
    0x08000ef4   0x08000ef4   0x00000038   Code   RO          191    i.Led2Task          main.o
    0x08000f2c   0x08000f2c   0x00000070   Code   RO          264    i.MX_GPIO_Init      gpio.o
    0x08000f9c   0x08000f9c   0x00000038   Code   RO          290    i.MX_USART1_UART_Init  usart.o
    0x08000fd4   0x08000fd4   0x00000002   Code   RO          333    i.MemManage_Handler  stm32f1xx_it.o
    0x08000fd6   0x08000fd6   0x00000002   Code   RO          334    i.NMI_Handler       stm32f1xx_it.o
    0x08000fd8   0x08000fd8   0x00000002   Code   RO         2644    i.OSCfg_Init        os_cfg_app.o
    0x08000fda   0x08000fda   0x00000002   PAD
    0x08000fdc   0x08000fdc   0x00000010   Code   RO         2566    i.OSIdleTaskHook    os_cpu_c.o
    0x08000fec   0x08000fec   0x00000184   Code   RO         2716    i.OSInit            os_core.o
    0x08001170   0x08001170   0x00000034   Code   RO         2567    i.OSInitHook        os_cpu_c.o
    0x080011a4   0x080011a4   0x00000090   Code   RO         2718    i.OSIntExit         os_core.o
    0x08001234   0x08001234   0x0000007c   Code   RO         2719    i.OSSched           os_core.o
    0x080012b0   0x080012b0   0x0000005c   Code   RO         2720    i.OSSchedLock       os_core.o
    0x0800130c   0x0800130c   0x00000074   Code   RO         2723    i.OSSchedUnlock     os_core.o
    0x08001380   0x08001380   0x00000058   Code   RO         2724    i.OSStart           os_core.o
    0x080013d8   0x080013d8   0x000000f8   Code   RO         3426    i.OSStatReset       os_stat.o
    0x080014d0   0x080014d0   0x00000010   Code   RO         2568    i.OSStatTaskHook    os_cpu_c.o
    0x080014e0   0x080014e0   0x000001f8   Code   RO         3457    i.OSTaskCreate      os_task.o
    0x080016d8   0x080016d8   0x00000010   Code   RO         2569    i.OSTaskCreateHook  os_cpu_c.o
    0x080016e8   0x080016e8   0x0000016c   Code   RO         3458    i.OSTaskDel         os_task.o
    0x08001854   0x08001854   0x00000010   Code   RO         2570    i.OSTaskDelHook     os_cpu_c.o
    0x08001864   0x08001864   0x00000010   Code   RO         2571    i.OSTaskReturnHook  os_cpu_c.o
    0x08001874   0x08001874   0x00000170   Code   RO         3467    i.OSTaskSemPend     os_task.o
    0x080019e4   0x080019e4   0x000000ac   Code   RO         3471    i.OSTaskStkChk      os_task.o
    0x08001a90   0x08001a90   0x00000070   Code   RO         2572    i.OSTaskStkInit     os_cpu_c.o
    0x08001b00   0x08001b00   0x00000068   Code   RO         2573    i.OSTaskSwHook      os_cpu_c.o
    0x08001b68   0x08001b68   0x000000ec   Code   RO         3672    i.OSTimeDly         os_time.o
    0x08001c54   0x08001c54   0x00000040   Code   RO         3677    i.OSTimeTick        os_time.o
    0x08001c94   0x08001c94   0x00000010   Code   RO         2574    i.OSTimeTickHook    os_cpu_c.o
    0x08001ca4   0x08001ca4   0x00000030   Code   RO         2575    i.OS_CPU_SysTickHandler  os_cpu_c.o
    0x08001cd4   0x08001cd4   0x00000002   Code   RO         2954    i.OS_Dbg_Init       os_dbg.o
    0x08001cd6   0x08001cd6   0x00000002   PAD
    0x08001cd8   0x08001cd8   0x00000018   Code   RO         2980    i.OS_FlagInit       os_flag.o
    0x08001cf0   0x08001cf0   0x00000188   Code   RO         2981    i.OS_FlagPost       os_flag.o
    0x08001e78   0x08001e78   0x00000044   Code   RO         2982    i.OS_FlagTaskRdy    os_flag.o
    0x08001ebc   0x08001ebc   0x00000034   Code   RO         2726    i.OS_IdleTask       os_core.o
    0x08001ef0   0x08001ef0   0x00000068   Code   RO         2727    i.OS_IdleTaskInit   os_core.o
    0x08001f58   0x08001f58   0x000000b8   Code   RO         3053    i.OS_IntQPost       os_int.o
    0x08002010   0x08002010   0x0000011c   Code   RO         3054    i.OS_IntQRePost     os_int.o
    0x0800212c   0x0800212c   0x00000088   Code   RO         3055    i.OS_IntQTask       os_int.o
    0x080021b4   0x080021b4   0x00000118   Code   RO         3056    i.OS_IntQTaskInit   os_int.o
    0x080022cc   0x080022cc   0x00000018   Code   RO         3087    i.OS_MemInit        os_mem.o
    0x080022e4   0x080022e4   0x00000068   Code   RO         3119    i.OS_MsgPoolInit    os_msg.o
    0x0800234c   0x0800234c   0x00000034   Code   RO         3120    i.OS_MsgQFreeAll    os_msg.o
    0x08002380   0x08002380   0x0000000e   Code   RO         3122    i.OS_MsgQInit       os_msg.o
    0x0800238e   0x0800238e   0x00000002   PAD
    0x08002390   0x08002390   0x00000088   Code   RO         3123    i.OS_MsgQPut        os_msg.o
    0x08002418   0x08002418   0x00000018   Code   RO         3163    i.OS_MutexInit      os_mutex.o
    0x08002430   0x08002430   0x00000050   Code   RO         2728    i.OS_Pend           os_core.o
    0x08002480   0x08002480   0x00000030   Code   RO         2731    i.OS_PendDataInit   os_core.o
    0x080024b0   0x080024b0   0x00000048   Code   RO         2732    i.OS_PendDbgNameAdd  os_core.o
    0x080024f8   0x080024f8   0x0000001c   Code   RO         2733    i.OS_PendDbgNameRemove  os_core.o
    0x08002514   0x08002514   0x0000005a   Code   RO         2737    i.OS_PendListInsertPrio  os_core.o
    0x0800256e   0x0800256e   0x00000026   Code   RO         2738    i.OS_PendListRemove  os_core.o
    0x08002594   0x08002594   0x00000036   Code   RO         2739    i.OS_PendListRemove1  os_core.o
    0x080025ca   0x080025ca   0x00000098   Code   RO         2742    i.OS_Post           os_core.o
    0x08002662   0x08002662   0x00000026   Code   RO         2743    i.OS_Post1          os_core.o
    0x08002688   0x08002688   0x00000024   Code   RO         3245    i.OS_PrioGetHighest  os_prio.o
    0x080026ac   0x080026ac   0x0000000c   Code   RO         3246    i.OS_PrioInit       os_prio.o
    0x080026b8   0x080026b8   0x00000020   Code   RO         3247    i.OS_PrioInsert     os_prio.o
    0x080026d8   0x080026d8   0x00000020   Code   RO         3248    i.OS_PrioRemove     os_prio.o
    0x080026f8   0x080026f8   0x00000018   Code   RO         3291    i.OS_QInit          os_q.o
    0x08002710   0x08002710   0x00000104   Code   RO         3292    i.OS_QPost          os_q.o
    0x08002814   0x08002814   0x00000024   Code   RO         2744    i.OS_RdyListInit    os_core.o
    0x08002838   0x08002838   0x00000030   Code   RO         2745    i.OS_RdyListInsert  os_core.o
    0x08002868   0x08002868   0x00000038   Code   RO         2746    i.OS_RdyListInsertHead  os_core.o
    0x080028a0   0x080028a0   0x00000034   Code   RO         2747    i.OS_RdyListInsertTail  os_core.o
    0x080028d4   0x080028d4   0x00000034   Code   RO         2748    i.OS_RdyListMoveHeadToTail  os_core.o
    0x08002908   0x08002908   0x00000054   Code   RO         2749    i.OS_RdyListRemove  os_core.o
    0x0800295c   0x0800295c   0x00000048   Code   RO         2750    i.OS_Sched0         os_core.o
    0x080029a4   0x080029a4   0x0000001c   Code   RO         2751    i.OS_SchedLockTimeMeasStart  os_core.o
    0x080029c0   0x080029c0   0x0000003c   Code   RO         2752    i.OS_SchedLockTimeMeasStop  os_core.o
    0x080029fc   0x080029fc   0x00000068   Code   RO         2753    i.OS_SchedRoundRobin  os_core.o
    0x08002a64   0x08002a64   0x00000018   Code   RO         3363    i.OS_SemInit        os_sem.o
    0x08002a7c   0x08002a7c   0x000000e4   Code   RO         3364    i.OS_SemPost        os_sem.o
    0x08002b60   0x08002b60   0x000002a4   Code   RO         3428    i.OS_StatTask       os_stat.o
    0x08002e04   0x08002e04   0x000000bc   Code   RO         3429    i.OS_StatTaskInit   os_stat.o
    0x08002ec0   0x08002ec0   0x0000002a   Code   RO         2754    i.OS_TaskBlock      os_core.o
    0x08002eea   0x08002eea   0x00000002   PAD
    0x08002eec   0x08002eec   0x00000024   Code   RO         3474    i.OS_TaskDbgListAdd  os_task.o
    0x08002f10   0x08002f10   0x00000038   Code   RO         3475    i.OS_TaskDbgListRemove  os_task.o
    0x08002f48   0x08002f48   0x00000020   Code   RO         3476    i.OS_TaskInit       os_task.o
    0x08002f68   0x08002f68   0x000000c8   Code   RO         3477    i.OS_TaskInitTCB    os_task.o
    0x08003030   0x08003030   0x00000144   Code   RO         3478    i.OS_TaskQPost      os_task.o
    0x08003174   0x08003174   0x0000001c   Code   RO         2755    i.OS_TaskRdy        os_core.o
    0x08003190   0x08003190   0x00000100   Code   RO         3479    i.OS_TaskResume     os_task.o
    0x08003290   0x08003290   0x00000018   Code   RO         3480    i.OS_TaskReturn     os_task.o
    0x080032a8   0x080032a8   0x00000188   Code   RO         3481    i.OS_TaskSemPost    os_task.o
    0x08003430   0x08003430   0x000000e8   Code   RO         3482    i.OS_TaskSuspend    os_task.o
    0x08003518   0x08003518   0x0000002c   Code   RO         3624    i.OS_TickListInit   os_tick.o
    0x08003544   0x08003544   0x000000d8   Code   RO         3625    i.OS_TickListInsert  os_tick.o
    0x0800361c   0x0800361c   0x00000036   Code   RO         3626    i.OS_TickListRemove  os_tick.o
    0x08003652   0x08003652   0x00000002   PAD
    0x08003654   0x08003654   0x00000028   Code   RO         3627    i.OS_TickListResetPeak  os_tick.o
    0x0800367c   0x0800367c   0x0000017c   Code   RO         3628    i.OS_TickListUpdate  os_tick.o
    0x080037f8   0x080037f8   0x00000028   Code   RO         3629    i.OS_TickTask       os_tick.o
    0x08003820   0x08003820   0x000000a8   Code   RO         3630    i.OS_TickTaskInit   os_tick.o
    0x080038c8   0x080038c8   0x00000104   Code   RO         3723    i.OS_TmrInit        os_tmr.o
    0x080039cc   0x080039cc   0x00000098   Code   RO         3724    i.OS_TmrLink        os_tmr.o
    0x08003a64   0x08003a64   0x00000028   Code   RO         3725    i.OS_TmrResetPeak   os_tmr.o
    0x08003a8c   0x08003a8c   0x000000a4   Code   RO         3726    i.OS_TmrTask        os_tmr.o
    0x08003b30   0x08003b30   0x0000004c   Code   RO         3727    i.OS_TmrUnlink      os_tmr.o
    0x08003b7c   0x08003b7c   0x00000002   Code   RO          336    i.SVC_Handler       stm32f1xx_it.o
    0x08003b7e   0x08003b7e   0x0000004e   Code   RO          192    i.SystemClock_Config  main.o
    0x08003bcc   0x08003bcc   0x00000002   Code   RO         1842    i.SystemInit        system_stm32f1xx.o
    0x08003bce   0x08003bce   0x0000004e   Code   RO          554    i.UART_EndRxTransfer  stm32f1xx_hal_uart.o
    0x08003c1c   0x08003c1c   0x000000b8   Code   RO          557    i.UART_SetConfig    stm32f1xx_hal_uart.o
    0x08003cd4   0x08003cd4   0x00000072   Code   RO          560    i.UART_WaitOnFlagUntilTimeout  stm32f1xx_hal_uart.o
    0x08003d46   0x08003d46   0x00000002   PAD
    0x08003d48   0x08003d48   0x00000054   Code   RO          193    i.UartTask          main.o
    0x08003d9c   0x08003d9c   0x00000002   Code   RO          338    i.UsageFault_Handler  stm32f1xx_it.o
    0x08003d9e   0x08003d9e   0x00000020   Code   RO         1354    i.__NVIC_SetPriority  stm32f1xx_hal_cortex.o
    0x08003dbe   0x08003dbe   0x00000002   PAD
    0x08003dc0   0x08003dc0   0x0000006c   Code   RO          194    i.main              main.o
    0x08003e2c   0x08003e2c   0x00000012   Data   RO         1052    .constdata          stm32f1xx_hal_rcc.o
    0x08003e3e   0x08003e3e   0x00000010   Data   RO         1843    .constdata          system_stm32f1xx.o
    0x08003e4e   0x08003e4e   0x00000008   Data   RO         1844    .constdata          system_stm32f1xx.o
    0x08003e56   0x08003e56   0x00000002   PAD
    0x08003e58   0x08003e58   0x00000004   Data   RO         2655    .constdata          os_cfg_app.o
    0x08003e5c   0x08003e5c   0x00000004   Data   RO         2656    .constdata          os_cfg_app.o
    0x08003e60   0x08003e60   0x00000004   Data   RO         2657    .constdata          os_cfg_app.o
    0x08003e64   0x08003e64   0x00000004   Data   RO         2659    .constdata          os_cfg_app.o
    0x08003e68   0x08003e68   0x00000002   Data   RO         2660    .constdata          os_cfg_app.o
    0x08003e6a   0x08003e6a   0x00000002   PAD
    0x08003e6c   0x08003e6c   0x00000004   Data   RO         2662    .constdata          os_cfg_app.o
    0x08003e70   0x08003e70   0x00000004   Data   RO         2663    .constdata          os_cfg_app.o
    0x08003e74   0x08003e74   0x00000004   Data   RO         2664    .constdata          os_cfg_app.o
    0x08003e78   0x08003e78   0x00000004   Data   RO         2666    .constdata          os_cfg_app.o
    0x08003e7c   0x08003e7c   0x00000004   Data   RO         2667    .constdata          os_cfg_app.o
    0x08003e80   0x08003e80   0x00000002   Data   RO         2669    .constdata          os_cfg_app.o
    0x08003e82   0x08003e82   0x00000002   PAD
    0x08003e84   0x08003e84   0x00000004   Data   RO         2671    .constdata          os_cfg_app.o
    0x08003e88   0x08003e88   0x00000001   Data   RO         2672    .constdata          os_cfg_app.o
    0x08003e89   0x08003e89   0x00000003   PAD
    0x08003e8c   0x08003e8c   0x00000004   Data   RO         2673    .constdata          os_cfg_app.o
    0x08003e90   0x08003e90   0x00000004   Data   RO         2674    .constdata          os_cfg_app.o
    0x08003e94   0x08003e94   0x00000004   Data   RO         2675    .constdata          os_cfg_app.o
    0x08003e98   0x08003e98   0x00000004   Data   RO         2676    .constdata          os_cfg_app.o
    0x08003e9c   0x08003e9c   0x00000004   Data   RO         2678    .constdata          os_cfg_app.o
    0x08003ea0   0x08003ea0   0x00000004   Data   RO         2679    .constdata          os_cfg_app.o
    0x08003ea4   0x08003ea4   0x00000001   Data   RO         2680    .constdata          os_cfg_app.o
    0x08003ea5   0x08003ea5   0x00000003   PAD
    0x08003ea8   0x08003ea8   0x00000004   Data   RO         2681    .constdata          os_cfg_app.o
    0x08003eac   0x08003eac   0x00000004   Data   RO         2682    .constdata          os_cfg_app.o
    0x08003eb0   0x08003eb0   0x00000004   Data   RO         2683    .constdata          os_cfg_app.o
    0x08003eb4   0x08003eb4   0x00000002   Data   RO         2685    .constdata          os_cfg_app.o
    0x08003eb6   0x08003eb6   0x00000001   Data   RO         2687    .constdata          os_cfg_app.o
    0x08003eb7   0x08003eb7   0x00000001   PAD
    0x08003eb8   0x08003eb8   0x00000004   Data   RO         2688    .constdata          os_cfg_app.o
    0x08003ebc   0x08003ebc   0x00000004   Data   RO         2689    .constdata          os_cfg_app.o
    0x08003ec0   0x08003ec0   0x00000004   Data   RO         2690    .constdata          os_cfg_app.o
    0x08003ec4   0x08003ec4   0x00000004   Data   RO         2691    .constdata          os_cfg_app.o
    0x08003ec8   0x08003ec8   0x00000002   Data   RO         2693    .constdata          os_cfg_app.o
    0x08003eca   0x08003eca   0x00000002   PAD
    0x08003ecc   0x08003ecc   0x00000020   Data   RO         4129    Region$$Table       anon$$obj.o


    Execution Region RW_IRAM1 (Exec base: 0x20000000, Load base: 0x08003eec, Size: 0x00002cd0, Max: 0x00005000, ABSOLUTE)

    Exec Addr    Load Addr    Size         Type   Attr      Idx    E Section Name        Object

    0x20000000   0x08003eec   0x0000000c   Data   RW          889    .data               stm32f1xx_hal.o
    0x2000000c   0x08003ef8   0x00000004   Data   RW         1845    .data               system_stm32f1xx.o
    0x20000010   0x08003efc   0x0000001c   Data   RW         1964    .data               cpu_core.o
    0x2000002c   0x08003f18   0x00000004   Data   RW         2577    .data               os_cpu_c.o
    0x20000030   0x08003f1c   0x00000004   Data   RW         3249    .data               os_prio.o
    0x20000034   0x08003f20   0x00000004   Data   RW         3811    .data               os_var.o
    0x20000038   0x08003f24   0x00000004   Data   RW         3812    .data               os_var.o
    0x2000003c   0x08003f28   0x00000004   Data   RW         3813    .data               os_var.o
    0x20000040   0x08003f2c   0x00000004   Data   RW         3814    .data               os_var.o
    0x20000044   0x08003f30   0x00000004   Data   RW         3815    .data               os_var.o
    0x20000048   0x08003f34   0x00000004   Data   RW         3816    .data               os_var.o
    0x2000004c   0x08003f38   0x00000004   Data   RW         3817    .data               os_var.o
    0x20000050   0x08003f3c   0x00000004   Data   RW         3818    .data               os_var.o
    0x20000054   0x08003f40   0x00000001   Data   RW         3819    .data               os_var.o
    0x20000055   0x08003f41   0x00000003   PAD
    0x20000058   0x08003f44   0x00000004   Data   RW         3820    .data               os_var.o
    0x2000005c   0x08003f48   0x00000001   Data   RW         3821    .data               os_var.o
    0x2000005d   0x08003f49   0x00000003   PAD
    0x20000060   0x08003f4c   0x00000004   Data   RW         3822    .data               os_var.o
    0x20000064   0x08003f50   0x00000004   Data   RW         3823    .data               os_var.o
    0x20000068   0x08003f54   0x00000002   Data   RW         3824    .data               os_var.o
    0x2000006a   0x08003f56   0x00000002   Data   RW         3825    .data               os_var.o
    0x2000006c   0x08003f58   0x00000002   Data   RW         3826    .data               os_var.o
    0x2000006e   0x08003f5a   0x00000002   PAD
    0x20000070   0x08003f5c   0x00000004   Data   RW         3827    .data               os_var.o
    0x20000074   0x08003f60   0x00000004   Data   RW         3828    .data               os_var.o
    0x20000078   0x08003f64   0x00000002   Data   RW         3829    .data               os_var.o
    0x2000007a   0x08003f66   0x00000002   PAD
    0x2000007c   0x08003f68   0x00000004   Data   RW         3830    .data               os_var.o
    0x20000080   0x08003f6c   0x00000002   Data   RW         3831    .data               os_var.o
    0x20000082   0x08003f6e   0x00000002   PAD
    0x20000084   0x08003f70   0x00000004   Data   RW         3832    .data               os_var.o
    0x20000088   0x08003f74   0x00000002   Data   RW         3833    .data               os_var.o
    0x2000008a   0x08003f76   0x00000001   Data   RW         3834    .data               os_var.o
    0x2000008b   0x08003f77   0x00000001   Data   RW         3835    .data               os_var.o
    0x2000008c   0x08003f78   0x00000001   Data   RW         3836    .data               os_var.o
    0x2000008d   0x08003f79   0x00000003   PAD
    0x20000090   0x08003f7c   0x00000004   Data   RW         3837    .data               os_var.o
    0x20000094   0x08003f80   0x00000002   Data   RW         3838    .data               os_var.o
    0x20000096   0x08003f82   0x00000002   PAD
    0x20000098   0x08003f84   0x00000004   Data   RW         3839    .data               os_var.o
    0x2000009c   0x08003f88   0x00000004   Data   RW         3840    .data               os_var.o
    0x200000a0   0x08003f8c   0x00000004   Data   RW         3841    .data               os_var.o
    0x200000a4   0x08003f90   0x00000001   Data   RW         3842    .data               os_var.o
    0x200000a5   0x08003f91   0x00000003   PAD
    0x200000a8   0x08003f94   0x00000004   Data   RW         3843    .data               os_var.o
    0x200000ac   0x08003f98   0x00000001   Data   RW         3844    .data               os_var.o
    0x200000ad   0x08003f99   0x00000003   PAD
    0x200000b0   0x08003f9c   0x00000004   Data   RW         3845    .data               os_var.o
    0x200000b4   0x08003fa0   0x00000002   Data   RW         3846    .data               os_var.o
    0x200000b6   0x08003fa2   0x00000001   Data   RW         3847    .data               os_var.o
    0x200000b7   0x08003fa3   0x00000001   PAD
    0x200000b8   0x08003fa4   0x00000002   Data   RW         3848    .data               os_var.o
    0x200000ba   0x08003fa6   0x00000002   Data   RW         3849    .data               os_var.o
    0x200000bc   0x08003fa8   0x00000004   Data   RW         3850    .data               os_var.o
    0x200000c0   0x08003fac   0x00000004   Data   RW         3851    .data               os_var.o
    0x200000c4   0x08003fb0   0x00000004   Data   RW         3852    .data               os_var.o
    0x200000c8   0x08003fb4   0x00000001   Data   RW         3853    .data               os_var.o
    0x200000c9   0x08003fb5   0x00000003   PAD
    0x200000cc   0x08003fb8   0x00000004   Data   RW         3854    .data               os_var.o
    0x200000d0   0x08003fbc   0x00000004   Data   RW         3855    .data               os_var.o
    0x200000d4   0x08003fc0   0x00000004   Data   RW         3856    .data               os_var.o
    0x200000d8   0x08003fc4   0x00000002   Data   RW         3857    .data               os_var.o
    0x200000da   0x08003fc6   0x00000001   Data   RW         3858    .data               os_var.o
    0x200000db   0x08003fc7   0x00000001   PAD
    0x200000dc   0x08003fc8   0x00000004   Data   RW         3859    .data               os_var.o
    0x200000e0   0x08003fcc   0x00000004   Data   RW         3860    .data               os_var.o
    0x200000e4   0x08003fd0   0x00000004   Data   RW         3861    .data               os_var.o
    0x200000e8   0x08003fd4   0x00000004   Data   RW         3863    .data               os_var.o
    0x200000ec   0x08003fd8   0x00000004   Data   RW         3864    .data               os_var.o
    0x200000f0   0x08003fdc   0x00000004   Data   RW         3865    .data               os_var.o
    0x200000f4   0x08003fe0   0x00000004   Data   RW         3866    .data               os_var.o
    0x200000f8   0x08003fe4   0x00000004   Data   RW         3867    .data               os_var.o
    0x200000fc   0x08003fe8   0x00000004   Data   RW         3868    .data               os_var.o
    0x20000100        -       0x00000b20   Zero   RW          195    .bss                main.o
    0x20000c20        -       0x00000048   Zero   RW          291    .bss                usart.o
    0x20000c68        -       0x00000200   Zero   RW         2645    .bss                os_cfg_app.o
    0x20000e68        -       0x00000140   Zero   RW         2646    .bss                os_cfg_app.o
    0x20000fa8        -       0x00000200   Zero   RW         2647    .bss                os_cfg_app.o
    0x200011a8        -       0x00000200   Zero   RW         2648    .bss                os_cfg_app.o
    0x200013a8        -       0x00000640   Zero   RW         2649    .bss                os_cfg_app.o
    0x200019e8        -       0x00000200   Zero   RW         2650    .bss                os_cfg_app.o
    0x20001be8        -       0x00000200   Zero   RW         2651    .bss                os_cfg_app.o
    0x20001de8        -       0x00000088   Zero   RW         2652    .bss                os_cfg_app.o
    0x20001e70        -       0x00000200   Zero   RW         2653    .bss                os_cfg_app.o
    0x20002070        -       0x00000088   Zero   RW         2654    .bss                os_cfg_app.o
    0x200020f8        -       0x000000c8   Zero   RW         3804    .bss                os_var.o
    0x200021c0        -       0x000000c8   Zero   RW         3805    .bss                os_var.o
    0x20002288        -       0x0000000c   Zero   RW         3806    .bss                os_var.o
    0x20002294        -       0x00000180   Zero   RW         3807    .bss                os_var.o
    0x20002414        -       0x000000c8   Zero   RW         3808    .bss                os_var.o
    0x200024dc        -       0x000000c8   Zero   RW         3809    .bss                os_var.o
    0x200025a4        -       0x000000c8   Zero   RW         3810    .bss                os_var.o
    0x2000266c        -       0x00000060   Zero   RW         4001    .bss                c_w.l(libspace.o)
    0x200026cc   0x08003fec   0x00000004   PAD
    0x200026d0        -       0x00000200   Zero   RW            2    HEAP                startup_stm32f103xb.o
    0x200028d0        -       0x00000400   Zero   RW            1    STACK               startup_stm32f103xb.o


==============================================================================

Image component sizes


      Code (inc. data)   RO Data    RW Data    ZI Data      Debug   Object Name

         0          0          0          0          0     422179   app.o
        12          6          0          0          0        411   bsp.o
        52          0          0          0          0        360   cpu_a.o
       188         26          0         28          0      13525   cpu_core.o
       112         10          0          0          0        851   gpio.o
       590        142          0          0       2848       4468   main.o
         2          0        103          0       5264      20822   os_cfg_app.o
      2370        406          0          0          0      19053   os_core.o
       132         32          0          0          0        400   os_cpu_a.o
       412         66          0          4          0       7004   os_cpu_c.o
         2          0          0          0          0        850   os_dbg.o
       484         28          0          0          0       3115   os_flag.o
       884        200          0          0          0       3506   os_int.o
        24         10          0          0          0        817   os_mem.o
       306         20          0          0          0       3161   os_msg.o
        24         10          0          0          0        889   os_mutex.o
       112         16          0          4          0       2618   os_prio.o
       284         18          0          0          0       2220   os_q.o
       252         14          0          0          0       2042   os_sem.o
      1112        190          0          0          0       3302   os_stat.o
      2960        218          0          0          0      12377   os_task.o
       942        128          0          0          0       5497   os_tick.o
       300         24          0          0          0       1709   os_time.o
       692        136          0          0          0       4004   os_tmr.o
         0          0          0        176       1396      19401   os_var.o
        64         26        236          0       1536        792   startup_stm32f103xb.o
       112         20          0         12          0       4639   stm32f1xx_hal.o
       172         14          0          0          0      28130   stm32f1xx_hal_cortex.o
       490         34          0          0          0       2796   stm32f1xx_hal_gpio.o
        60          8          0          0          0        810   stm32f1xx_hal_msp.o
      1240         84         18          0          0       4932   stm32f1xx_hal_rcc.o
       636          6          0          0          0       4456   stm32f1xx_hal_uart.o
        14          0          0          0          0       2803   stm32f1xx_it.o
         2          0         24          4          0       1023   system_stm32f1xx.o
       168         20          0          0         72       1562   usart.o

    ----------------------------------------------------------------------
     15224       1912        428        256      11116     606524   Object Totals
         0          0         32          0          0          0   (incl. Generated)
        18          0         15         28          0          0   (incl. Padding)

    ----------------------------------------------------------------------

      Code (inc. data)   RO Data    RW Data    ZI Data      Debug   Library Member Name

         8          0          0          0          0         68   __main.o
         0          0          0          0          0          0   __rtentry.o
        12          0          0          0          0          0   __rtentry2.o
         6          0          0          0          0          0   __rtentry4.o
        52          8          0          0          0          0   __scatter.o
        26          0          0          0          0          0   __scatter_copy.o
        28          0          0          0          0          0   __scatter_zi.o
        18          0          0          0          0         80   exit.o
         6          0          0          0          0        152   heapauxi.o
         0          0          0          0          0          0   indicate_semi.o
         2          0          0          0          0          0   libinit.o
         2          0          0          0          0          0   libinit2.o
         2          0          0          0          0          0   libshutdown.o
         2          0          0          0          0          0   libshutdown2.o
         8          4          0          0         96         68   libspace.o
        78          0          0          0          0         80   rt_memclr_w.o
       100          0          0          0          0         80   rt_memcpy_w.o
         2          0          0          0          0          0   rtexit.o
        10          0          0          0          0          0   rtexit2.o
        12          4          0          0          0         68   sys_exit.o
        74          0          0          0          0         80   sys_stackheap_outer.o
         2          0          0          0          0         68   use_no_semi.o

    ----------------------------------------------------------------------
       456         16          0          0        100        744   Library Totals
         6          0          0          0          4          0   (incl. Padding)

    ----------------------------------------------------------------------

      Code (inc. data)   RO Data    RW Data    ZI Data      Debug   Library Name

       450         16          0          0         96        744   c_w.l

    ----------------------------------------------------------------------
       456         16          0          0        100        744   Library Totals

    ----------------------------------------------------------------------

==============================================================================


      Code (inc. data)   RO Data    RW Data    ZI Data      Debug   

     15680       1928        428        256      11216     600140   Grand Totals
     15680       1928        428        256      11216     600140   ELF Image Totals
     15680       1928        428        256          0          0   ROM Totals

==============================================================================

    Total RO  Size (Code + RO Data)                16108 (  15.73kB)
    Total RW  Size (RW Data + ZI Data)             11472 (  11.20kB)
    Total ROM Size (Code + RO Data + RW Data)      16364 (  15.98kB)

==============================================================================

