<html>
<body>
<pre>
<h1>µVision Build Log</h1>
<h2>Tool Versions:</h2>
IDE-Version: ÂµVision V5.36.0.0
Copyright (C) 2021 ARM Ltd and ARM Germany GmbH. All rights reserved.
License Information: lie 1344041926@qq.com, wu, LIC=----
 
Tool Versions:
Toolchain:       MDK-Lite  Version: 5.36.0.0
Toolchain Path:  C:\Keil_v5\ARM\ARMCC\Bin
C Compiler:      Armcc.exe V5.06 update 7 (build 960)
Assembler:       Armasm.exe V5.06 update 7 (build 960)
Linker/Locator:  ArmLink.exe V5.06 update 7 (build 960)
Library Manager: ArmAr.exe V5.06 update 7 (build 960)
Hex Converter:   FromElf.exe V5.06 update 7 (build 960)
CPU DLL:         SARMCM3.DLL V5.36.0.0
Dialog DLL:      DCM.DLL V1.17.3.0
Target DLL:      STLink\ST-LINKIII-KEIL_SWO.dll V3.0.9.0
Dialog DLL:      TCM.DLL V1.53.0.0
 
<h2>Project:</h2>
C:\Users\13440\xwechat_files\wxid_fgh33754zhja22_228d\msg\file\2025-11\0.96OLED_U8g2\0.96OLED_U8g2\MDK-ARM\0.96OLED_I2C.uvprojx
Project File Date:  11/02/2025

<h2>Output:</h2>
*** Using Compiler 'V5.06 update 7 (build 960)', folder: 'C:\Keil_v5\ARM\ARMCC\Bin'
Rebuild target '0.96OLED_I2C'
Note: source file '..\HARDWARE\test.c' - object file renamed from '0.96OLED_I2C\test.o' to '0.96OLED_I2C\test_1.o'.
assembling startup_stm32f103xb.s...
compiling tim.c...
compiling gpio.c...
compiling stm32f1xx_it.c...
compiling i2c.c...
compiling stm32f1xx_hal_msp.c...
compiling stm32f1xx_hal.c...
compiling stm32f1xx_hal_gpio_ex.c...
compiling stm32f1xx_hal_rcc_ex.c...
compiling stm32f1xx_hal_rcc.c...
compiling main.c...
..\HARDWARE\stm32_u8g2.h(29): warning:  #1-D: last line of file ends without a newline
  #endif
..\HARDWARE\test.h(18): warning:  #1-D: last line of file ends without a newline
  #endif
../Core/Src/main.c(303): warning:  #223-D: function "cos" declared implicitly
    float cos_a = cos(angle);
../Core/Src/main.c(304): warning:  #223-D: function "sin" declared implicitly
    float sin_a = sin(angle);
../Core/Src/main.c(423): warning:  #1-D: last line of file ends without a newline
  /************************ (C) COPYRIGHT STMicroelectronics *****END OF FILE****/
../Core/Src/main.c: 5 warnings, 0 errors
compiling stm32f1xx_hal_i2c.c...
compiling stm32f1xx_hal_dma.c...
compiling system_stm32f1xx.c...
compiling stm32f1xx_hal_flash.c...
compiling stm32f1xx_hal_pwr.c...
compiling stm32f1xx_hal_cortex.c...
compiling stm32f1xx_hal_gpio.c...
compiling stm32f1xx_hal_flash_ex.c...
compiling stm32f1xx_hal_exti.c...
compiling mui.c...
compiling stm32f1xx_hal_tim_ex.c...
compiling stm32_u8g2.c...
..\HARDWARE\stm32_u8g2.h(29): warning:  #1-D: last line of file ends without a newline
  #endif
..\HARDWARE\stm32_u8g2.c(154): warning:  #1-D: last line of file ends without a newline
  }
..\HARDWARE\stm32_u8g2.c(143): warning:  #177-D: variable "t"  was declared but never referenced
    int t = 1000;
..\HARDWARE\stm32_u8g2.c: 3 warnings, 0 errors
compiling u8g2_box.c...
compiling u8g2_cleardisplay.c...
compiling u8g2_bitmap.c...
compiling u8g2_buffer.c...
compiling u8g2_circle.c...
compiling mui_u8g2.c...
compiling u8g2_d_memory.c...
compiling u8g2_input_value.c...
compiling u8g2_intersection.c...
compiling u8g2_font.c...
compiling u8g2_line.c...
compiling u8g2_ll_hvline.c...
compiling stm32f1xx_hal_tim.c...
compiling u8g2_message.c...
compiling u8g2_setup.c...
..\csrc\u8g2_setup.c(468): warning:  #1-D: last line of file ends without a newline
    
..\csrc\u8g2_setup.c: 1 warning, 0 errors
compiling u8x8_8x8.c...
compiling u8x8_d_ssd1306_128x64_noname.c...
compiling u8x8_display.c...
..\csrc\u8x8_display.c(203): warning:  #1-D: last line of file ends without a newline
  }
..\csrc\u8x8_display.c: 1 warning, 0 errors
compiling u8x8_gpio.c...
..\csrc\u8x8_gpio.c(50): warning:  #1-D: last line of file ends without a newline
  */
..\csrc\u8x8_gpio.c: 1 warning, 0 errors
compiling u8x8_byte.c...
compiling u8x8_fonts.c...
compiling u8x8_setup.c...
compiling u8x8_u8toa.c...
compiling u8x8_string.c...
compiling u8x8_u16toa.c...
..\csrc\u8x8_u16toa.c(77): warning:  #1-D: last line of file ends without a newline
  }
..\csrc\u8x8_u16toa.c: 1 warning, 0 errors
compiling test.c...
..\HARDWARE\test.h(18): warning:  #1-D: last line of file ends without a newline
  #endif
..\HARDWARE\test.c(158): warning:  #223-D: function "cos" declared implicitly
          int x1 = center_x + (int)(size * cos(rad) - size * sin(rad));
..\HARDWARE\test.c(158): warning:  #223-D: function "sin" declared implicitly
          int x1 = center_x + (int)(size * cos(rad) - size * sin(rad));
..\HARDWARE\test.c(223): warning:  #223-D: function "sprintf" declared implicitly
  		sprintf(buff,"%d%%",(int)(i/80.0*100));
..\HARDWARE\test.c(306): warning:  #1-D: last line of file ends without a newline
  }
..\HARDWARE\test.c: 5 warnings, 0 errors
compiling u8x8_capture.c...
..\csrc\u8x8_capture.c(254): warning:  #1-D: last line of file ends without a newline
  #endif
..\csrc\u8x8_capture.c: 1 warning, 0 errors
compiling u8x8_selection_list.c...
compiling u8x8_debounce.c...
compiling u8g2_button.c...
compiling u8g2_hvline.c...
compiling u8g2_kerning.c...
compiling u8x8_cad.c...
compiling u8g2_d_setup.c...
..\csrc\u8g2_d_setup.c(17): warning:  #1-D: last line of file ends without a newline
    
..\csrc\u8g2_d_setup.c: 1 warning, 0 errors
compiling u8g2_selection_list.c...
compiling u8g2_fonts.c...
linking...
Program Size: Code=16514 RO-data=10894 RW-data=48 ZI-data=3088  
FromELF: creating hex file...
"0.96OLED_I2C\0.96OLED_I2C" - 0 Error(s), 19 Warning(s).

<h2>Software Packages used:</h2>

Package Vendor: ARM
                http://www.keil.com/pack/ARM.CMSIS.5.8.0.pack
                ARM.CMSIS.5.8.0
                CMSIS (Common Microcontroller Software Interface Standard)
   * Component: CORE Version: 5.5.0

Package Vendor: Keil
                https://www.keil.com/pack/Keil.STM32F1xx_DFP.2.4.1.pack
                Keil.STM32F1xx_DFP.2.4.1
                STMicroelectronics STM32F1 Series Device Support, Drivers and Examples

<h2>Collection of Component include folders:</h2>
  .\RTE\_0.96OLED_I2C
  C:\Users\13440\AppData\Local\Arm\Packs\ARM\CMSIS\5.8.0\CMSIS\Core\Include
  C:\Users\13440\AppData\Local\Arm\Packs\Keil\STM32F1xx_DFP\2.4.1\Device\Include

<h2>Collection of Component Files used:</h2>

   * Component: ARM::CMSIS:CORE:5.5.0
      Include file:  CMSIS\Core\Include\tz_context.h
Build Time Elapsed:  00:00:07
</pre>
</body>
</html>
